Archive member included because of file (symbol)

D:/Freescale/CW MCU v10.7/MCU/ARM_GCC_Support/ewl/lib/armv6-m\libc.a(putchar.o)
                              ./Sources/ProcessorExpert.o (putchar)
D:/Freescale/CW MCU v10.7/MCU/ARM_GCC_Support/ewl/lib/armv6-m\libc.a(ansi_files.o)
                              D:/Freescale/CW MCU v10.7/MCU/ARM_GCC_Support/ewl/lib/armv6-m\libc.a(putchar.o) (__files)
D:/Freescale/CW MCU v10.7/MCU/ARM_GCC_Support/ewl/lib/armv6-m\libc.a(puts.o)
                              ./Sources/ProcessorExpert.o (puts)
D:/Freescale/CW MCU v10.7/MCU/ARM_GCC_Support/ewl/lib/armv6-m\libc.a(__putchar.o)
                              D:/Freescale/CW MCU v10.7/MCU/ARM_GCC_Support/ewl/lib/armv6-m\libc.a(putchar.o) (__put_char)
D:/Freescale/CW MCU v10.7/MCU/ARM_GCC_Support/ewl/lib/armv6-m\libc.a(__buffer_io.o)
                              D:/Freescale/CW MCU v10.7/MCU/ARM_GCC_Support/ewl/lib/armv6-m\libc.a(__putchar.o) (__prep_buffer)
D:/Freescale/CW MCU v10.7/MCU/ARM_GCC_Support/ewl/lib/armv6-m\libc.a(printf.o)
                              ./Sources/ProcessorExpert.o (printf)
D:/Freescale/CW MCU v10.7/MCU/ARM_GCC_Support/ewl/lib/armv6-m\libc.a(fflush.o)
                              D:/Freescale/CW MCU v10.7/MCU/ARM_GCC_Support/ewl/lib/armv6-m\libc.a(ansi_files.o) (fflush)
D:/Freescale/CW MCU v10.7/MCU/ARM_GCC_Support/ewl/lib/armv6-m\libc.a(exit.o)
                              ./Project_Settings/Startup_Code/__arm_start.o (exit)
D:/Freescale/CW MCU v10.7/MCU/ARM_GCC_Support/ewl/lib/armv6-m\libc.a(memset.o)
                              ./Project_Settings/Startup_Code/__arm_start.o (memset)
D:/Freescale/CW MCU v10.7/MCU/ARM_GCC_Support/ewl/lib/armv6-m\libc.a(__filll_mem.o)
                              D:/Freescale/CW MCU v10.7/MCU/ARM_GCC_Support/ewl/lib/armv6-m\libc.a(memset.o) (__fill_mem)
D:/Freescale/CW MCU v10.7/MCU/ARM_GCC_Support/ewl/lib/armv6-m\libc.a(printformat_fp.o)
                              (__pformatterFP)
D:/Freescale/CW MCU v10.7/MCU/ARM_GCC_Support/ewl/lib/armv6-m\libc.a(scanformat_.o)
                              (__sformatter)
D:/Freescale/CW MCU v10.7/MCU/ARM_GCC_Support/ewl/lib/armv6-m\libc.a(ctype_aeabi.o)
                              D:/Freescale/CW MCU v10.7/MCU/ARM_GCC_Support/ewl/lib/armv6-m\libc.a(scanformat_.o) (isspace)
D:/Freescale/CW MCU v10.7/MCU/ARM_GCC_Support/ewl/lib/armv6-m\libc.a(fwrite.o)
                              D:/Freescale/CW MCU v10.7/MCU/ARM_GCC_Support/ewl/lib/armv6-m\libc.a(printf.o) (__FileWrite)
D:/Freescale/CW MCU v10.7/MCU/ARM_GCC_Support/ewl/lib/armv6-m\libc.a(__strtoul.o)
                              D:/Freescale/CW MCU v10.7/MCU/ARM_GCC_Support/ewl/lib/armv6-m\libc.a(scanformat_.o) (__strtoul)
D:/Freescale/CW MCU v10.7/MCU/ARM_GCC_Support/ewl/lib/armv6-m\libc.a(strchr.o)
                              D:/Freescale/CW MCU v10.7/MCU/ARM_GCC_Support/ewl/lib/armv6-m\libc.a(printformat_fp.o) (strchr)
D:/Freescale/CW MCU v10.7/MCU/ARM_GCC_Support/ewl/lib/armv6-m\libc.a(memcpy.o)
                              D:/Freescale/CW MCU v10.7/MCU/ARM_GCC_Support/ewl/lib/armv6-m\libc.a(scanformat_.o) (memcpy)
D:/Freescale/CW MCU v10.7/MCU/ARM_GCC_Support/ewl/lib/armv6-m\libc.a(strcpy.o)
                              D:/Freescale/CW MCU v10.7/MCU/ARM_GCC_Support/ewl/lib/armv6-m\libc.a(printformat_fp.o) (strcpy)
D:/Freescale/CW MCU v10.7/MCU/ARM_GCC_Support/ewl/lib/armv6-m\libc.a(strlen.o)
                              D:/Freescale/CW MCU v10.7/MCU/ARM_GCC_Support/ewl/lib/armv6-m\libc.a(printformat_fp.o) (strlen)
D:/Freescale/CW MCU v10.7/MCU/ARM_GCC_Support/ewl/lib/armv6-m\libc.a(__memrchr.o)
                              D:/Freescale/CW MCU v10.7/MCU/ARM_GCC_Support/ewl/lib/armv6-m\libc.a(fwrite.o) (__memrchr)
D:/Freescale/CW MCU v10.7/MCU/ARM_GCC_Support/ewl/lib/armv6-m\libc.a(memchr.o)
                              D:/Freescale/CW MCU v10.7/MCU/ARM_GCC_Support/ewl/lib/armv6-m\libc.a(printformat_fp.o) (memchr)
D:/Freescale/CW MCU v10.7/MCU/ARM_GCC_Support/ewl/lib/armv6-m\libm.a(ansi_fp.o)
                              D:/Freescale/CW MCU v10.7/MCU/ARM_GCC_Support/ewl/lib/armv6-m\libc.a(printformat_fp.o) (__num2dec)
D:/Freescale/CW MCU v10.7/MCU/ARM_GCC_Support/ewl/lib/armv6-m\libm.a(w_pow.o)
                              D:/Freescale/CW MCU v10.7/MCU/ARM_GCC_Support/ewl/lib/armv6-m\libm.a(ansi_fp.o) (pow)
D:/Freescale/CW MCU v10.7/MCU/ARM_GCC_Support/ewl/lib/armv6-m\libm.a(e_pow.o)
                              D:/Freescale/CW MCU v10.7/MCU/ARM_GCC_Support/ewl/lib/armv6-m\libm.a(w_pow.o) (__ieee754_pow)
D:/Freescale/CW MCU v10.7/MCU/ARM_GCC_Support/ewl/lib/armv6-m\libm.a(scalbn.o)
                              D:/Freescale/CW MCU v10.7/MCU/ARM_GCC_Support/ewl/lib/armv6-m\libm.a(e_pow.o) (scalbn)
D:/Freescale/CW MCU v10.7/MCU/ARM_GCC_Support/ewl/lib/armv6-m\libm.a(w_sqrt.o)
                              D:/Freescale/CW MCU v10.7/MCU/ARM_GCC_Support/ewl/lib/armv6-m\libm.a(e_pow.o) (sqrt)
[...]
Memory Configuration

Name             Origin             Length             Attributes
m_interrupts     0x00000000         0x000000c0         xr
m_text           0x00000410         0x0001fbf0         xr
m_data_1FFFF000  0x1ffff000         0x00001000         rw
m_data           0x20000000         0x00003000         rw
m_cfmprotrom     0x00000400         0x00000010         xr
*default*        0x00000000         0xffffffff

Linker script and memory map

LOAD ./Generated_Code/Vectors.o
LOAD ./Generated_Code/TU1.o
LOAD ./Generated_Code/PE_LDD.o
LOAD ./Generated_Code/IO1.o
LOAD ./Generated_Code/E5.o
LOAD ./Generated_Code/E2.o
LOAD ./Generated_Code/DMA1.o
LOAD ./Generated_Code/CsIO1.o
LOAD ./Generated_Code/Cpu.o
LOAD ./Generated_Code/C2.o
LOAD ./Generated_Code/C17.o
LOAD ./Generated_Code/C16.o
LOAD ./Generated_Code/BitIoLdd8.o
LOAD ./Generated_Code/BitIoLdd7.o
LOAD ./Generated_Code/BitIoLdd6.o
LOAD ./Generated_Code/BitIoLdd5.o
LOAD ./Generated_Code/BitIoLdd4.o
LOAD ./Generated_Code/BitIoLdd3.o
LOAD ./Generated_Code/BitIoLdd2.o
LOAD ./Generated_Code/BitIoLdd1.o
LOAD ./Generated_Code/B9.o
LOAD ./Generated_Code/ADC1.o
LOAD ./Generated_Code/A13.o
LOAD ./Generated_Code/A12.o
LOAD ./Project_Settings/Startup_Code/__arm_start.o
LOAD ./Project_Settings/Startup_Code/__arm_end.o
LOAD ./Sources/sa_mtb.o
LOAD ./Sources/ProcessorExpert.o
LOAD ./Sources/Events.o
                0x00003398                __pformatter = __pformatterFP
                [0x00003bf0]                __sformatter = __sformatter
START GROUP
LOAD D:/Freescale/CW MCU v10.7/MCU/ARM_GCC_Support/ewl/lib/armv6-m\libc.a
LOAD D:/Freescale/CW MCU v10.7/MCU/ARM_GCC_Support/ewl/lib/armv6-m\libm.a
LOAD d:/freescale/cw mcu v10.7/cross_tools/arm-none-eabi-gcc-4_7_3/bin/../lib/gcc/arm-none-eabi/4.7.3/armv6-m\libgcc.a
LOAD D:/Freescale/CW MCU v10.7/MCU/ARM_GCC_Support/ewl/lib/armv6-m\librt.a
LOAD D:/Freescale/CW MCU v10.7/MCU/ARM_GCC_Support/ewl/lib/armv6-m\libuart.a
END GROUP
                0x20003000                _estack = 0x20003000
                0x20003000                __SP_INIT = _estack
                0x00000000                __heap_size = 0x0
                0x00000400                __stack_size = 0x400

.interrupts     0x00000000       0xc0
                0x00000000                __vector_table = .
                0x00000000                . = ALIGN (0x4)
 *(.vectortable)
 .vectortable   0x00000000       0xc0 ./Generated_Code/Vectors.o
                0x00000000                __vect_table
                0x000000c0                . = ALIGN (0x4)

.cfmprotect     0x00000400        0x0
                0x00000400                . = ALIGN (0x4)
 *(.cfmconfig)
                0x00000400                . = ALIGN (0x4)

.text           0x00000410     0x4a28
                0x00000410                . = ALIGN (0x4)
 *(.text)
 .text          0x00000410       0x14 d:/freescale/cw mcu v10.7/cross_tools/arm-none-eabi-gcc-4_7_3/bin/../lib/gcc/arm-none-eabi/4.7.3/armv6-m\libgcc.a(_thumb1_case_sqi.o)
                0x00000410                __gnu_thumb1_case_sqi
 .text          0x00000424       0x14 d:/freescale/cw mcu v10.7/cross_tools/arm-none-eabi-gcc-4_7_3/bin/../lib/gcc/arm-none-eabi/4.7.3/armv6-m\libgcc.a(_thumb1_case_uqi.o)
                0x00000424                __gnu_thumb1_case_uqi
 .text          0x00000438       0x9c d:/freescale/cw mcu v10.7/cross_tools/arm-none-eabi-gcc-4_7_3/bin/../lib/gcc/arm-none-eabi/4.7.3/armv6-m\libgcc.a(_udivsi3.o)
                0x00000438                __aeabi_uidiv
                0x00000438                __udivsi3
                0x000004c0                __aeabi_uidivmod
 .text          0x000004d4       0xc0 d:/freescale/cw mcu v10.7/cross_tools/arm-none-eabi-gcc-4_7_3/bin/../lib/gcc/arm-none-eabi/4.7.3/armv6-m\libgcc.a(_divsi3.o)
                0x000004d4                __divsi3
                0x000004d4                __aeabi_idiv
                0x00000580                __aeabi_idivmod
 .text          0x00000594        0x4 d:/freescale/cw mcu v10.7/cross_tools/arm-none-eabi-gcc-4_7_3/bin/../lib/gcc/arm-none-eabi/4.7.3/armv6-m\libgcc.a(_dvmd_tls.o)
                0x00000594                __aeabi_idiv0
                0x00000594                __aeabi_ldiv0
 .text          0x00000598       0x7c d:/freescale/cw mcu v10.7/cross_tools/arm-none-eabi-gcc-4_7_3/bin/../lib/gcc/arm-none-eabi/4.7.3/armv6-m\libgcc.a(_arm_cmpdf2.o)
                0x00000598                __aeabi_cdrcmple
                0x000005a8                __aeabi_cdcmple
                0x000005a8                __aeabi_cdcmpeq
                0x000005b8                __aeabi_dcmpeq
                0x000005c4                __aeabi_dcmplt
                0x000005d8                __aeabi_dcmple
                0x000005ec                __aeabi_dcmpgt
                0x00000600                __aeabi_dcmpge
 .text          0x00000614       0x74 d:/freescale/cw mcu v10.7/cross_tools/arm-none-eabi-gcc-4_7_3/bin/../lib/gcc/arm-none-eabi/4.7.3/armv6-m\libgcc.a(_arm_cmpsf2.o)
                0x00000614                __aeabi_cfrcmple
                0x0000061c                __aeabi_cfcmpeq
                0x0000061c                __aeabi_cfcmple
                0x0000062c                __aeabi_fcmpeq
                0x00000638                __aeabi_fcmplt
                0x0000064c                __aeabi_fcmple
                0x00000660                __aeabi_fcmpgt
                0x00000674                __aeabi_fcmpge
 .text          0x00000688       0x50 d:/freescale/cw mcu v10.7/cross_tools/arm-none-eabi-gcc-4_7_3/bin/../lib/gcc/arm-none-eabi/4.7.3/armv6-m\libgcc.a(eqsf2.o)
                0x00000688                __eqsf2
                0x00000688                __nesf2
 .text          0x000006d8       0x90 d:/freescale/cw mcu v10.7/cross_tools/arm-none-eabi-gcc-4_7_3/bin/../lib/gcc/arm-none-eabi/4.7.3/armv6-m\libgcc.a(gesf2.o)
                0x000006d8                __gesf2
                0x000006d8                __gtsf2
 .text          0x00000768       0x90 d:/freescale/cw mcu v10.7/cross_tools/arm-none-eabi-gcc-4_7_3/bin/../lib/gcc/arm-none-eabi/4.7.3/armv6-m\libgcc.a(lesf2.o)
                0x00000768                __ltsf2
                0x00000768                __lesf2
 .text          0x000007f8      0x5b8 d:/freescale/cw mcu v10.7/cross_tools/arm-none-eabi-gcc-4_7_3/bin/../lib/gcc/arm-none-eabi/4.7.3/armv6-m\libgcc.a(divdf3.o)
                0x000007f8                __aeabi_ddiv
 .text          0x00000db0       0x7c d:/freescale/cw mcu v10.7/cross_tools/arm-none-eabi-gcc-4_7_3/bin/../lib/gcc/arm-none-eabi/4.7.3/armv6-m\libgcc.a(eqdf2.o)
                0x00000db0                __nedf2
                0x00000db0                __eqdf2
 .text          0x00000e2c       0xe8 d:/freescale/cw mcu v10.7/cross_tools/arm-none-eabi-gcc-4_7_3/bin/../lib/gcc/arm-none-eabi/4.7.3/armv6-m\libgcc.a(gedf2.o)
                0x00000e2c                __gedf2
                0x00000e2c                __gtdf2
 .text          0x00000f14       0xd8 d:/freescale/cw mcu v10.7/cross_tools/arm-none-eabi-gcc-4_7_3/bin/../lib/gcc/arm-none-eabi/4.7.3/armv6-m\libgcc.a(ledf2.o)
                0x00000f14                __ledf2
                0x00000f14                __ltdf2
 .text          0x00000fec      0x4e4 d:/freescale/cw mcu v10.7/cross_tools/arm-none-eabi-gcc-4_7_3/bin/../lib/gcc/arm-none-eabi/4.7.3/armv6-m\libgcc.a(muldf3.o)
                0x00000fec                __aeabi_dmul
 .text          0x000014d0      0x6f8 d:/freescale/cw mcu v10.7/cross_tools/arm-none-eabi-gcc-4_7_3/bin/../lib/gcc/arm-none-eabi/4.7.3/armv6-m\libgcc.a(subdf3.o)
                0x000014d0                __aeabi_dsub
 .text          0x00001bc8       0x68 d:/freescale/cw mcu v10.7/cross_tools/arm-none-eabi-gcc-4_7_3/bin/../lib/gcc/arm-none-eabi/4.7.3/armv6-m\libgcc.a(fixdfsi.o)
                0x00001bc8                __aeabi_d2iz
 .text          0x00001c30       0x74 d:/freescale/cw mcu v10.7/cross_tools/arm-none-eabi-gcc-4_7_3/bin/../lib/gcc/arm-none-eabi/4.7.3/armv6-m\libgcc.a(floatsidf.o)
                0x00001c30                __aeabi_i2d
 .text          0x00001ca4       0xa8 d:/freescale/cw mcu v10.7/cross_tools/arm-none-eabi-gcc-4_7_3/bin/../lib/gcc/arm-none-eabi/4.7.3/armv6-m\libgcc.a(extendsfdf2.o)
                0x00001ca4                __aeabi_f2d
 .text          0x00001d4c      0x134 d:/freescale/cw mcu v10.7/cross_tools/arm-none-eabi-gcc-4_7_3/bin/../lib/gcc/arm-none-eabi/4.7.3/armv6-m\libgcc.a(truncdfsf2.o)
                0x00001d4c                __aeabi_d2f
 .text          0x00001e80       0x3c d:/freescale/cw mcu v10.7/cross_tools/arm-none-eabi-gcc-4_7_3/bin/../lib/gcc/arm-none-eabi/4.7.3/armv6-m\libgcc.a(_clzsi2.o)
                0x00001e80                __clzsi2
 *(.text*)
 .text.TU1_Init
                0x00001ebc       0x88 ./Generated_Code/TU1.o
                0x00001ebc                TU1_Init
 .text.TU1_ResetCounter
                0x00001f44       0x1c ./Generated_Code/TU1.o
                0x00001f44                TU1_ResetCounter
 .text.TU1_GetCounterValue
                0x00001f60       0x18 ./Generated_Code/TU1.o
                0x00001f60                TU1_GetCounterValue
 .text.IO1_Init
                0x00001f78      0x160 ./Generated_Code/IO1.o
                0x00001f78                IO1_Init
 .text.DMA1_Init
                0x000020d8      0x148 ./Generated_Code/DMA1.o
                0x000020d8                DMA1_Init
 .text.__read_console
                0x00002220       0x8c ./Generated_Code/CsIO1.o
                0x00002220                __read_console
 .text.__write_console
                0x000022ac       0x7c ./Generated_Code/CsIO1.o
                0x000022ac                __write_console
 .text.__close_console
                0x00002328       0x14 ./Generated_Code/CsIO1.o
                0x00002328                __close_console
 .text.Cpu_INT_NMIInterrupt
                0x0000233c        0xc ./Generated_Code/Cpu.o
                0x0000233c                Cpu_INT_NMIInterrupt
 .text.Cpu_INT_Hard_FaultInterrupt
                0x00002348        0xc ./Generated_Code/Cpu.o
                0x00002348                Cpu_INT_Hard_FaultInterrupt
 .text.Cpu_Interrupt
                0x00002354        0xc ./Generated_Code/Cpu.o
                0x00002354                Cpu_Interrupt
 .text.__init_hardware
                0x00002360      0x18c ./Generated_Code/Cpu.o
                0x00002360                __init_hardware
 .text.PE_low_level_init
                0x000024ec      0x160 ./Generated_Code/Cpu.o
                0x000024ec                PE_low_level_init
 .text.BitIoLdd8_Init
                0x0000264c       0x60 ./Generated_Code/BitIoLdd8.o
                0x0000264c                BitIoLdd8_Init
 .text.BitIoLdd8_GetVal
                0x000026ac       0x3c ./Generated_Code/BitIoLdd8.o
                0x000026ac                BitIoLdd8_GetVal
 .text.BitIoLdd7_Init
                0x000026e8       0x60 ./Generated_Code/BitIoLdd7.o
                0x000026e8                BitIoLdd7_Init
 .text.BitIoLdd7_ClrVal
                0x00002748       0x18 ./Generated_Code/BitIoLdd7.o
                0x00002748                BitIoLdd7_ClrVal
 .text.BitIoLdd7_SetVal
                0x00002760       0x18 ./Generated_Code/BitIoLdd7.o
                0x00002760                BitIoLdd7_SetVal
 .text.BitIoLdd6_Init
                0x00002778       0x64 ./Generated_Code/BitIoLdd6.o
                0x00002778                BitIoLdd6_Init
 .text.BitIoLdd6_SetDir
                0x000027dc       0x40 ./Generated_Code/BitIoLdd6.o
                0x000027dc                BitIoLdd6_SetDir
 .text.BitIoLdd6_GetVal
                0x0000281c       0x44 ./Generated_Code/BitIoLdd6.o
                0x0000281c                BitIoLdd6_GetVal
 .text.BitIoLdd5_Init
                0x00002860       0x64 ./Generated_Code/BitIoLdd5.o
                0x00002860                BitIoLdd5_Init
 .text.BitIoLdd5_SetDir
                0x000028c4       0x40 ./Generated_Code/BitIoLdd5.o
                0x000028c4                BitIoLdd5_SetDir
 .text.BitIoLdd5_GetVal
                0x00002904       0x44 ./Generated_Code/BitIoLdd5.o
                0x00002904                BitIoLdd5_GetVal
 .text.BitIoLdd4_Init
                0x00002948       0x68 ./Generated_Code/BitIoLdd4.o
                0x00002948                BitIoLdd4_Init
 .text.BitIoLdd4_ClrVal
                0x000029b0       0x1c ./Generated_Code/BitIoLdd4.o
                0x000029b0                BitIoLdd4_ClrVal
 .text.BitIoLdd4_SetVal
                0x000029cc       0x1c ./Generated_Code/BitIoLdd4.o
                0x000029cc                BitIoLdd4_SetVal
 .text.BitIoLdd3_Init
                0x000029e8       0x60 ./Generated_Code/BitIoLdd3.o
                0x000029e8                BitIoLdd3_Init
 .text.BitIoLdd3_ClrVal
                0x00002a48       0x18 ./Generated_Code/BitIoLdd3.o
                0x00002a48                BitIoLdd3_ClrVal
 .text.BitIoLdd3_SetVal
                0x00002a60       0x18 ./Generated_Code/BitIoLdd3.o
                0x00002a60                BitIoLdd3_SetVal
 .text.BitIoLdd2_Init
                0x00002a78       0x68 ./Generated_Code/BitIoLdd2.o
                0x00002a78                BitIoLdd2_Init
 .text.BitIoLdd2_ClrVal
                0x00002ae0       0x1c ./Generated_Code/BitIoLdd2.o
                0x00002ae0                BitIoLdd2_ClrVal
 .text.BitIoLdd2_SetVal
                0x00002afc       0x1c ./Generated_Code/BitIoLdd2.o
                0x00002afc                BitIoLdd2_SetVal
 .text.BitIoLdd1_Init
                0x00002b18       0x68 ./Generated_Code/BitIoLdd1.o
                0x00002b18                BitIoLdd1_Init
 .text.BitIoLdd1_ClrVal
                0x00002b80       0x1c ./Generated_Code/BitIoLdd1.o
                0x00002b80                BitIoLdd1_ClrVal
 .text.BitIoLdd1_SetVal
                0x00002b9c       0x1c ./Generated_Code/BitIoLdd1.o
                0x00002b9c                BitIoLdd1_SetVal
 .text.ADC1_Init
                0x00002bb8       0x64 ./Generated_Code/ADC1.o
                0x00002bb8                ADC1_Init
 .text.zero_fill_bss
                0x00002c1c       0x24 ./Project_Settings/Startup_Code/__arm_start.o
 .text.__thumb_startup
                0x00002c40       0x30 ./Project_Settings/Startup_Code/__arm_start.o
                0x00002c40                __thumb_startup
 .text._ExitProcess
                0x00002c70        0xc ./Project_Settings/Startup_Code/__arm_end.o
                0x00002c70                _ExitProcess
 *fill*         0x00002c7c        0x4 00
 .text.main     0x00002c80      0x300 ./Sources/ProcessorExpert.o
                0x00002c80                main
 .text.Cpu_OnNMIINT
                0x00002f80        0x8 ./Sources/Events.o
                0x00002f80                Cpu_OnNMIINT
 .text.Cpu_OnHardFault
                0x00002f88        0x8 ./Sources/Events.o
                0x00002f88                Cpu_OnHardFault
 .text.ADCint   0x00002f90       0x28 ./Sources/Events.o
                0x00002f90                ADCint
 .text.putchar  0x00002fb8       0x28 D:/Freescale/CW MCU v10.7/MCU/ARM_GCC_Support/ewl/lib/armv6-m\libc.a(putchar.o)
                0x00002fb8                putchar
 .text.puts     0x00002fe0       0x54 D:/Freescale/CW MCU v10.7/MCU/ARM_GCC_Support/ewl/lib/armv6-m\libc.a(puts.o)
                0x00002fe0                puts
 .text.__put_char
                0x00003034       0x90 D:/Freescale/CW MCU v10.7/MCU/ARM_GCC_Support/ewl/lib/armv6-m\libc.a(__putchar.o)
                0x00003034                __put_char
 .text.__prep_buffer
                0x000030c4       0x14 D:/Freescale/CW MCU v10.7/MCU/ARM_GCC_Support/ewl/lib/armv6-m\libc.a(__buffer_io.o)
                0x000030c4                __prep_buffer
 .text.__flush_buffer
                0x000030d8       0x38 D:/Freescale/CW MCU v10.7/MCU/ARM_GCC_Support/ewl/lib/armv6-m\libc.a(__buffer_io.o)
                0x000030d8                __flush_buffer
 .text.printf   0x00003110       0x28 D:/Freescale/CW MCU v10.7/MCU/ARM_GCC_Support/ewl/lib/armv6-m\libc.a(printf.o)
                0x00003110                printf
 .text.exit     0x00003138       0x38 D:/Freescale/CW MCU v10.7/MCU/ARM_GCC_Support/ewl/lib/armv6-m\libc.a(exit.o)
                0x00003138                exit
 .text.memset   0x00003170        0xc D:/Freescale/CW MCU v10.7/MCU/ARM_GCC_Support/ewl/lib/armv6-m\libc.a(memset.o)
                0x00003170                memset
 .text.__fill_mem
                0x0000317c       0x7e D:/Freescale/CW MCU v10.7/MCU/ARM_GCC_Support/ewl/lib/armv6-m\libc.a(__filll_mem.o)
                0x0000317c                __fill_mem
 *fill*         0x000031fa        0x2 00
 .text.long2str.isra.0
                0x000031fc      0x19c D:/Freescale/CW MCU v10.7/MCU/ARM_GCC_Support/ewl/lib/armv6-m\libc.a(printformat_fp.o)
 .text.__pformatterFP
                0x00003398      0x858 D:/Freescale/CW MCU v10.7/MCU/ARM_GCC_Support/ewl/lib/armv6-m\libc.a(printformat_fp.o)
                0x00003398                __pformatterFP
 .text.__sformatter
                0x00003bf0      0x698 D:/Freescale/CW MCU v10.7/MCU/ARM_GCC_Support/ewl/lib/armv6-m\libc.a(scanformat_.o)
                0x00003bf0                __sformatter
 .text.isalpha  0x00004288       0x20 D:/Freescale/CW MCU v10.7/MCU/ARM_GCC_Support/ewl/lib/armv6-m\libc.a(ctype_aeabi.o)
                0x00004288                isalpha
 .text.isspace  0x000042a8       0x20 D:/Freescale/CW MCU v10.7/MCU/ARM_GCC_Support/ewl/lib/armv6-m\libc.a(ctype_aeabi.o)
                0x000042a8                isspace
 .text.isupper  0x000042c8       0x20 D:/Freescale/CW MCU v10.7/MCU/ARM_GCC_Support/ewl/lib/armv6-m\libc.a(ctype_aeabi.o)
                0x000042c8                isupper
 .text.toupper  0x000042e8        0xe D:/Freescale/CW MCU v10.7/MCU/ARM_GCC_Support/ewl/lib/armv6-m\libc.a(ctype_aeabi.o)
                0x000042e8                toupper
 .text.__fwrite
                0x000042f6      0x160 D:/Freescale/CW MCU v10.7/MCU/ARM_GCC_Support/ewl/lib/armv6-m\libc.a(fwrite.o)
                0x000042f6                __fwrite
 .text.__FileWrite
                0x00004456       0x1c D:/Freescale/CW MCU v10.7/MCU/ARM_GCC_Support/ewl/lib/armv6-m\libc.a(fwrite.o)
                0x00004456                __FileWrite
 .text.__strtoul
                0x00004472      0x1ce D:/Freescale/CW MCU v10.7/MCU/ARM_GCC_Support/ewl/lib/armv6-m\libc.a(__strtoul.o)
                0x00004472                __strtoul
 .text.strchr   0x00004640       0x1e D:/Freescale/CW MCU v10.7/MCU/ARM_GCC_Support/ewl/lib/armv6-m\libc.a(strchr.o)
                0x00004640                strchr
 .text.memcpy   0x0000465e       0x12 D:/Freescale/CW MCU v10.7/MCU/ARM_GCC_Support/ewl/lib/armv6-m\libc.a(memcpy.o)
                0x0000465e                memcpy
 .text.strcpy   0x00004670       0x10 D:/Freescale/CW MCU v10.7/MCU/ARM_GCC_Support/ewl/lib/armv6-m\libc.a(strcpy.o)
                0x00004670                strcpy
 .text.strlen   0x00004680       0x10 D:/Freescale/CW MCU v10.7/MCU/ARM_GCC_Support/ewl/lib/armv6-m\libc.a(strlen.o)
                0x00004680                strlen
 .text.__memrchr
                0x00004690       0x1e D:/Freescale/CW MCU v10.7/MCU/ARM_GCC_Support/ewl/lib/armv6-m\libc.a(__memrchr.o)
                0x00004690                __memrchr
 .text.memchr   0x000046ae       0x1a D:/Freescale/CW MCU v10.7/MCU/ARM_GCC_Support/ewl/lib/armv6-m\libc.a(memchr.o)
                0x000046ae                memchr
 .text.__num2dec
                0x000046c8      0x248 D:/Freescale/CW MCU v10.7/MCU/ARM_GCC_Support/ewl/lib/armv6-m\libm.a(ansi_fp.o)
                0x000046c8                __num2dec
 .text.__round_decimal
                0x00004910       0x98 D:/Freescale/CW MCU v10.7/MCU/ARM_GCC_Support/ewl/lib/armv6-m\libm.a(ansi_fp.o)
                0x00004910                __round_decimal
 .text.__signbitd
                0x000049a8        0x4 D:/Freescale/CW MCU v10.7/MCU/ARM_GCC_Support/ewl/lib/armv6-m\libm.a(math_api.o)
                0x000049a8                __signbitd
 .text.__fpclassifyd
                0x000049ac       0x38 D:/Freescale/CW MCU v10.7/MCU/ARM_GCC_Support/ewl/lib/armv6-m\libm.a(math_api.o)
                0x000049ac                __fpclassifyd
 *fill*         0x000049e4        0x4 00
 .text.frexp    0x000049e8       0x80 D:/Freescale/CW MCU v10.7/MCU/ARM_GCC_Support/ewl/lib/armv6-m\libm.a(s_frexp.o)
                0x000049e8                frexp
 .text.__init_cpp
                0x00004a68       0x48 D:/Freescale/CW MCU v10.7/MCU/ARM_GCC_Support/ewl/lib/armv6-m\librt.a(gcc_ctor_dtor.o)
                0x00004a68                __init_cpp
 .text.__fini_cpp
                0x00004ab0       0x34 D:/Freescale/CW MCU v10.7/MCU/ARM_GCC_Support/ewl/lib/armv6-m\librt.a(gcc_ctor_dtor.o)
                0x00004ab0                __fini_cpp
 .text.__destroy_global_chain
                0x00004ae4       0x1c D:/Freescale/CW MCU v10.7/MCU/ARM_GCC_Support/ewl/lib/armv6-m\librt.a(__arm_eabi_init.o)
                0x00004ae4                __destroy_global_chain
 .text.__init_registers
                0x00004b00       0x1c D:/Freescale/CW MCU v10.7/MCU/ARM_GCC_Support/ewl/lib/armv6-m\librt.a(__arm_eabi_init.o)
                0x00004b00                __init_registers
 .text.__init_user
                0x00004b1c        0x4 D:/Freescale/CW MCU v10.7/MCU/ARM_GCC_Support/ewl/lib/armv6-m\librt.a(__arm_eabi_init.o)
                0x00004b1c                __init_user
 .text.__copy_rom_section
                0x00004b20       0x48 D:/Freescale/CW MCU v10.7/MCU/ARM_GCC_Support/ewl/lib/armv6-m\librt.a(ROMCopy.o)
                0x00004b20                __copy_rom_section
 .text.__copy_rom_sections_to_ram
                0x00004b68       0x34 D:/Freescale/CW MCU v10.7/MCU/ARM_GCC_Support/ewl/lib/armv6-m\librt.a(ROMCopy.o)
                0x00004b68                __copy_rom_sections_to_ram
 *(.rodata)
 .rodata        0x00004b9c       0x34 ./Sources/ProcessorExpert.o
 .rodata        0x00004bd0       0x40 d:/freescale/cw mcu v10.7/cross_tools/arm-none-eabi-gcc-4_7_3/bin/../lib/gcc/arm-none-eabi/4.7.3/armv6-m\libgcc.a(divdf3.o)
 .rodata        0x00004c10       0x40 d:/freescale/cw mcu v10.7/cross_tools/arm-none-eabi-gcc-4_7_3/bin/../lib/gcc/arm-none-eabi/4.7.3/armv6-m\libgcc.a(muldf3.o)
 *(.rodata*)
 .rodata.ChannelsCfg
                0x00004c50        0x4 ./Sources/ProcessorExpert.o
                0x00004c50                ChannelsCfg
 .rodata.ChannelsCfg2
                0x00004c54        0x4 ./Sources/ProcessorExpert.o
                0x00004c54                ChannelsCfg2
 .rodata.str1.1
                0x00004c58       0x14 D:/Freescale/CW MCU v10.7/MCU/ARM_GCC_Support/ewl/lib/armv6-m\libc.a(printformat_fp.o)
                                 0x25 (size before relaxing)
 .rodata.CSWTCH.22
                0x00004c6c       0x21 D:/Freescale/CW MCU v10.7/MCU/ARM_GCC_Support/ewl/lib/armv6-m\libc.a(printformat_fp.o)
 .rodata.CSWTCH.23
                0x00004c8d       0x21 D:/Freescale/CW MCU v10.7/MCU/ARM_GCC_Support/ewl/lib/armv6-m\libc.a(printformat_fp.o)
 .rodata.__aeabi_ctype_table_C
                0x00004cae      0x101 D:/Freescale/CW MCU v10.7/MCU/ARM_GCC_Support/ewl/lib/armv6-m\libc.a(ctype_aeabi.o)
                0x00004cae                __aeabi_ctype_table_C
 *fill*         0x00004daf        0x1 00
 .rodata.digit_values
                0x00004db0       0x40 D:/Freescale/CW MCU v10.7/MCU/ARM_GCC_Support/ewl/lib/armv6-m\libm.a(ansi_fp.o)
 .rodata.bit_values
                0x00004df0       0x48 D:/Freescale/CW MCU v10.7/MCU/ARM_GCC_Support/ewl/lib/armv6-m\libm.a(ansi_fp.o)
 *(.glue_7)
 .glue_7        0x00000000        0x0 linker stubs
 *(.glue_7t)
 .glue_7t       0x00000000        0x0 linker stubs
 *(.eh_frame)
 *(.init)
 *(.fini)
                0x00004e38                . = ALIGN (0x4)
                0x00004e38                _etext = .

.vfp11_veneer   0x00004e38        0x0
 .vfp11_veneer  0x00000000        0x0 linker stubs

.v4_bx          0x00004e38        0x0
 .v4_bx         0x00000000        0x0 linker stubs

.iplt           0x00004e38        0x0
 .iplt          0x00000000        0x0 ./Generated_Code/Vectors.o

.rel.dyn        0x00004e38        0x0
 .rel.iplt      0x00000000        0x0 ./Generated_Code/Vectors.o

.ARM.extab
 *(.ARM.extab* .gnu.linkonce.armextab.*)

.ARM            0x00004e38        0x0
                0x00004e38                __exidx_start = .
 *(.ARM.exidx*)
                0x00004e38                __exidx_end = .

.ctors          0x00004e38        0x0
                0x00004e38                __CTOR_LIST__ = .
 *crtbegin.o(.ctors)
 *(EXCLUDE_FILE(*crtend.o) .ctors)
 *(SORT(.ctors.*))
 *(.ctors)
                0x00004e38                __CTOR_END__ = .

.dtors          0x00004e38        0x0
                0x00004e38                __DTOR_LIST__ = .
 *crtbegin.o(.dtors)
 *(EXCLUDE_FILE(*crtend.o) .dtors)
 *(SORT(.dtors.*))
 *(.dtors)
                0x00004e38                __DTOR_END__ = .

.preinit_array  0x00004e38        0x0
                0x00004e38                PROVIDE (__preinit_array_start, .)
 *(.preinit_array*)
                0x00004e38                PROVIDE (__preinit_array_end, .)

.init_array     0x00004e38        0x0
                0x00004e38                PROVIDE (__init_array_start, .)
 *(SORT(.init_array.*))
 *(.init_array*)
                0x00004e38                PROVIDE (__init_array_end, .)

.fini_array     0x00004e38        0x0
                0x00004e38                PROVIDE (__fini_array_start, .)
 *(SORT(.fini_array.*))
 *(.fini_array*)
                0x00004e38                PROVIDE (__fini_array_end, .)
                0x00004e38                ___ROM_AT = .

.mtb            0x20000000        0x0
                0x20000000                . = ALIGN (0x8)
                0x20000000                _mtb_start = .
 *(.mtb_buf)
                0x20000000                . = ALIGN (0x8)
                0x20000000                _mtb_end = .

.data           0x20000000       0xcc load address 0x00004e38
                0x20000000                . = ALIGN (0x4)
                0x20000000                _sdata = .
 *(.data)
 *(.data*)
 .data.__files  0x20000000       0xcc D:/Freescale/CW MCU v10.7/MCU/ARM_GCC_Support/ewl/lib/armv6-m\libc.a(ansi_files.o)
                0x20000000                __files
                0x200000cc                . = ALIGN (0x4)
                0x200000cc                _edata = .
                0x000000cc                ___data_size = (_edata - _sdata)
                0x00004f04                ___m_data_1FFFF000_ROMStart = (___ROM_AT + SIZEOF (.data))

.igot.plt       0x200000cc        0x0 load address 0x00004f04
 .igot.plt      0x00000000        0x0 ./Generated_Code/Vectors.o

.m_data_1FFFF000
                0x1ffff000        0x0 load address 0x00004f04
                0x1ffff000                . = ALIGN (0x4)
                0x1ffff000                ___m_data_1FFFF000_RAMStart = .
 *(.m_data_1FFFF000)
                0x1ffff000                ___m_data_1FFFF000_RAMEnd = .
                0x1ffff000                . = ALIGN (0x4)
                0x00000000                ___m_data_1FFFF000_ROMSize = (___m_data_1FFFF000_RAMEnd - ___m_data_1FFFF000_RAMStart)
                0x1ffff000                . = ALIGN (0x4)

.bss            0x200000cc      0x154 load address 0x00004f04
                0x200000cc                __START_BSS = .
                0x200000cc                PROVIDE (__bss_start__, __START_BSS)
 *(.bss)
 *(.bss*)
 .bss.DeviceDataPrv__DEFAULT_RTOS_ALLOC
                0x200000cc        0x4 ./Generated_Code/TU1.o
 .bss.PE_LDD_DeviceDataList
                0x200000d0       0x28 ./Generated_Code/PE_LDD.o
                0x200000d0                PE_LDD_DeviceDataList
 .bss.DeviceDataPrv__DEFAULT_RTOS_ALLOC
                0x200000f8       0x18 ./Generated_Code/IO1.o
 .bss.DeviceDataPrv__DEFAULT_RTOS_ALLOC
                0x20000110        0x4 ./Generated_Code/BitIoLdd8.o
 .bss.DeviceDataPrv__DEFAULT_RTOS_ALLOC
                0x20000114        0x4 ./Generated_Code/BitIoLdd7.o
 .bss.DeviceDataPrv__DEFAULT_RTOS_ALLOC
                0x20000118        0x4 ./Generated_Code/BitIoLdd6.o
 .bss.DeviceDataPrv__DEFAULT_RTOS_ALLOC
                0x2000011c        0x4 ./Generated_Code/BitIoLdd5.o
 .bss.DeviceDataPrv__DEFAULT_RTOS_ALLOC
                0x20000120        0x4 ./Generated_Code/BitIoLdd4.o
 .bss.DeviceDataPrv__DEFAULT_RTOS_ALLOC
                0x20000124        0x4 ./Generated_Code/BitIoLdd3.o
 .bss.DeviceDataPrv__DEFAULT_RTOS_ALLOC
                0x20000128        0x4 ./Generated_Code/BitIoLdd2.o
 .bss.DeviceDataPrv__DEFAULT_RTOS_ALLOC
                0x2000012c        0x4 ./Generated_Code/BitIoLdd1.o
 .bss.argv      0x20000130        0x4 ./Project_Settings/Startup_Code/__arm_start.o
 .bss.__stdio_exit
                0x20000134        0x4 D:/Freescale/CW MCU v10.7/MCU/ARM_GCC_Support/ewl/lib/armv6-m\libc.a(exit.o)
                0x20000134                __stdio_exit
 .bss.__console_exit
                0x20000138        0x4 D:/Freescale/CW MCU v10.7/MCU/ARM_GCC_Support/ewl/lib/armv6-m\libc.a(exit.o)
                0x20000138                __console_exit
 .bss.__global_destructor_chain
                0x2000013c        0x4 D:/Freescale/CW MCU v10.7/MCU/ARM_GCC_Support/ewl/lib/armv6-m\librt.a(__arm_eabi_init.o)
                0x2000013c                __global_destructor_chain
 .bss.__S_romp  0x20000140        0xc D:/Freescale/CW MCU v10.7/MCU/ARM_GCC_Support/ewl/lib/armv6-m\librt.a(ROMCopy.o)
 *(COMMON)
 COMMON         0x2000014c       0x12 ./Sources/ProcessorExpert.o
                0x2000014c                MeasuredValues
                0x20000152                Measured
                0x20000154                temp
                0x20000158                childInSeat
                0x20000159                tooHotTeensy
                0x2000015a                childInCar
                0x2000015b                tooHotTherm
                0x2000015c                comm
                0x2000015d                motion1
 COMMON         0x2000015e       0xc0 D:/Freescale/CW MCU v10.7/MCU/ARM_GCC_Support/ewl/lib/armv6-m\libc.a(ansi_files.o)
                0x2000015e                stdout_buff
                0x2000019e                stdin_buff
                0x200001de                stderr_buff
                0x20000220                . = ALIGN (0x4)
 *fill*         0x2000021e        0x2 00
                0x20000220                __END_BSS = .
                0x20000220                PROVIDE (__bss_end__, __END_BSS)
                0x00004f04                _romp_at = ((___ROM_AT + SIZEOF (.data)) + SIZEOF (.m_data_1FFFF000))

.romp           0x20000220       0x24 load address 0x00004f04
                0x00004f04                __S_romp = _romp_at
                0x20000220        0x4 LONG 0x4e38 ___ROM_AT
                0x20000224        0x4 LONG 0x20000000 _sdata
                0x20000228        0x4 LONG 0xcc ___data_size
                0x2000022c        0x4 LONG 0x4f04 ___m_data_1FFFF000_ROMStart
                0x20000230        0x4 LONG 0x1ffff000 ___m_data_1FFFF000_RAMStart
                0x20000234        0x4 LONG 0x0 ___m_data_1FFFF000_ROMSize
                0x20000238        0x4 LONG 0x0
                0x2000023c        0x4 LONG 0x0
                0x20000240        0x4 LONG 0x0

._user_heap_stack
                0x20000244      0x400 load address 0x00004f28
                0x20000244                . = ALIGN (0x4)
                0x20000244                PROVIDE (end, .)
                0x20000244                PROVIDE (_end, .)
                0x20000244                __heap_addr = .
                0x20000244                . = (. + __heap_size)
                0x20000644                . = (. + __stack_size)
 *fill*         0x20000244      0x400 00
                0x20000644                . = ALIGN (0x4)

.ARM.attributes
                0x00000000       0x31
 *(.ARM.attributes)
 .ARM.attributes
                0x00000000       0x31 ./Generated_Code/Vectors.o
 .ARM.attributes
                0x00000031       0x31 ./Generated_Code/TU1.o
 .ARM.attributes
                0x00000062       0x31 ./Generated_Code/PE_LDD.o
 .ARM.attributes
                0x00000093       0x31 ./Generated_Code/IO1.o
 .ARM.attributes
                0x000000c4       0x31 ./Generated_Code/DMA1.o
 .ARM.attributes
                0x000000f5       0x31 ./Generated_Code/CsIO1.o
 .ARM.attributes
                0x00000126       0x31 ./Generated_Code/Cpu.o
 .ARM.attributes
                0x00000157       0x31 ./Generated_Code/BitIoLdd8.o
 .ARM.attributes
                0x00000188       0x31 ./Generated_Code/BitIoLdd7.o
 .ARM.attributes
                0x000001b9       0x31 ./Generated_Code/BitIoLdd6.o
 .ARM.attributes
                0x000001ea       0x31 ./Generated_Code/BitIoLdd5.o
 .ARM.attributes
                0x0000021b       0x31 ./Generated_Code/BitIoLdd4.o
 .ARM.attributes
                0x0000024c       0x31 ./Generated_Code/BitIoLdd3.o
 .ARM.attributes
                0x0000027d       0x31 ./Generated_Code/BitIoLdd2.o
 .ARM.attributes
                0x000002ae       0x31 ./Generated_Code/BitIoLdd1.o
 .ARM.attributes
                0x000002df       0x31 ./Generated_Code/ADC1.o
 .ARM.attributes
                0x00000310       0x31 ./Project_Settings/Startup_Code/__arm_start.o
 .ARM.attributes
                0x00000341       0x31 ./Project_Settings/Startup_Code/__arm_end.o
 .ARM.attributes
                0x00000372       0x31 ./Sources/ProcessorExpert.o
 .ARM.attributes
                0x000003a3       0x31 ./Sources/Events.o
 .ARM.attributes
                0x000003d4       0x31 D:/Freescale/CW MCU v10.7/MCU/ARM_GCC_Support/ewl/lib/armv6-m\libc.a(putchar.o)
 .ARM.attributes
                0x00000405       0x31 D:/Freescale/CW MCU v10.7/MCU/ARM_GCC_Support/ewl/lib/armv6-m\libc.a(ansi_files.o)
 .ARM.attributes
                0x00000436       0x31 D:/Freescale/CW MCU v10.7/MCU/ARM_GCC_Support/ewl/lib/armv6-m\libc.a(puts.o)
 .ARM.attributes
                0x00000467       0x31 D:/Freescale/CW MCU v10.7/MCU/ARM_GCC_Support/ewl/lib/armv6-m\libc.a(__putchar.o)
 .ARM.attributes
                0x00000498       0x31 D:/Freescale/CW MCU v10.7/MCU/ARM_GCC_Support/ewl/lib/armv6-m\libc.a(__buffer_io.o)
 .ARM.attributes
                0x000004c9       0x31 D:/Freescale/CW MCU v10.7/MCU/ARM_GCC_Support/ewl/lib/armv6-m\libc.a(printf.o)
 .ARM.attributes
                0x000004fa       0x31 D:/Freescale/CW MCU v10.7/MCU/ARM_GCC_Support/ewl/lib/armv6-m\libc.a(exit.o)
 .ARM.attributes
                0x0000052b       0x31 D:/Freescale/CW MCU v10.7/MCU/ARM_GCC_Support/ewl/lib/armv6-m\libc.a(memset.o)
 .ARM.attributes
                0x0000055c       0x31 D:/Freescale/CW MCU v10.7/MCU/ARM_GCC_Support/ewl/lib/armv6-m\libc.a(__filll_mem.o)
 .ARM.attributes
                0x0000058d       0x31 D:/Freescale/CW MCU v10.7/MCU/ARM_GCC_Support/ewl/lib/armv6-m\libc.a(printformat_fp.o)
 .ARM.attributes
                0x000005be       0x31 D:/Freescale/CW MCU v10.7/MCU/ARM_GCC_Support/ewl/lib/armv6-m\libc.a(scanformat_.o)
 .ARM.attributes
                0x000005ef       0x31 D:/Freescale/CW MCU v10.7/MCU/ARM_GCC_Support/ewl/lib/armv6-m\libc.a(ctype_aeabi.o)
 .ARM.attributes
                0x00000620       0x31 D:/Freescale/CW MCU v10.7/MCU/ARM_GCC_Support/ewl/lib/armv6-m\libc.a(fwrite.o)
 .ARM.attributes
                0x00000651       0x31 D:/Freescale/CW MCU v10.7/MCU/ARM_GCC_Support/ewl/lib/armv6-m\libc.a(__strtoul.o)
 .ARM.attributes
                0x00000682       0x31 D:/Freescale/CW MCU v10.7/MCU/ARM_GCC_Support/ewl/lib/armv6-m\libc.a(strchr.o)
 .ARM.attributes
                0x000006b3       0x31 D:/Freescale/CW MCU v10.7/MCU/ARM_GCC_Support/ewl/lib/armv6-m\libc.a(memcpy.o)
 .ARM.attributes
                0x000006e4       0x31 D:/Freescale/CW MCU v10.7/MCU/ARM_GCC_Support/ewl/lib/armv6-m\libc.a(strcpy.o)
 .ARM.attributes
                0x00000715       0x31 D:/Freescale/CW MCU v10.7/MCU/ARM_GCC_Support/ewl/lib/armv6-m\libc.a(strlen.o)
 .ARM.attributes
                0x00000746       0x31 D:/Freescale/CW MCU v10.7/MCU/ARM_GCC_Support/ewl/lib/armv6-m\libc.a(__memrchr.o)
 .ARM.attributes
                0x00000777       0x31 D:/Freescale/CW MCU v10.7/MCU/ARM_GCC_Support/ewl/lib/armv6-m\libc.a(memchr.o)
 .ARM.attributes
                0x000007a8       0x31 D:/Freescale/CW MCU v10.7/MCU/ARM_GCC_Support/ewl/lib/armv6-m\libm.a(ansi_fp.o)
 .ARM.attributes
                0x000007d9       0x31 D:/Freescale/CW MCU v10.7/MCU/ARM_GCC_Support/ewl/lib/armv6-m\libm.a(math_api.o)
 .ARM.attributes
                0x0000080a       0x31 D:/Freescale/CW MCU v10.7/MCU/ARM_GCC_Support/ewl/lib/armv6-m\libm.a(s_frexp.o)
 .ARM.attributes
                0x0000083b       0x1e d:/freescale/cw mcu v10.7/cross_tools/arm-none-eabi-gcc-4_7_3/bin/../lib/gcc/arm-none-eabi/4.7.3/armv6-m\libgcc.a(_thumb1_case_sqi.o)
 .ARM.attributes
                0x00000859       0x1e d:/freescale/cw mcu v10.7/cross_tools/arm-none-eabi-gcc-4_7_3/bin/../lib/gcc/arm-none-eabi/4.7.3/armv6-m\libgcc.a(_thumb1_case_uqi.o)
 .ARM.attributes
                0x00000877       0x1e d:/freescale/cw mcu v10.7/cross_tools/arm-none-eabi-gcc-4_7_3/bin/../lib/gcc/arm-none-eabi/4.7.3/armv6-m\libgcc.a(_udivsi3.o)
 .ARM.attributes
                0x00000895       0x1e d:/freescale/cw mcu v10.7/cross_tools/arm-none-eabi-gcc-4_7_3/bin/../lib/gcc/arm-none-eabi/4.7.3/armv6-m\libgcc.a(_divsi3.o)
 .ARM.attributes
                0x000008b3       0x1e d:/freescale/cw mcu v10.7/cross_tools/arm-none-eabi-gcc-4_7_3/bin/../lib/gcc/arm-none-eabi/4.7.3/armv6-m\libgcc.a(_dvmd_tls.o)
 .ARM.attributes
                0x000008d1       0x1e d:/freescale/cw mcu v10.7/cross_tools/arm-none-eabi-gcc-4_7_3/bin/../lib/gcc/arm-none-eabi/4.7.3/armv6-m\libgcc.a(_arm_cmpdf2.o)
 .ARM.attributes
                0x000008ef       0x1e d:/freescale/cw mcu v10.7/cross_tools/arm-none-eabi-gcc-4_7_3/bin/../lib/gcc/arm-none-eabi/4.7.3/armv6-m\libgcc.a(_arm_cmpsf2.o)
 .ARM.attributes
                0x0000090d       0x2c d:/freescale/cw mcu v10.7/cross_tools/arm-none-eabi-gcc-4_7_3/bin/../lib/gcc/arm-none-eabi/4.7.3/armv6-m\libgcc.a(eqsf2.o)
 .ARM.attributes
                0x00000939       0x2c d:/freescale/cw mcu v10.7/cross_tools/arm-none-eabi-gcc-4_7_3/bin/../lib/gcc/arm-none-eabi/4.7.3/armv6-m\libgcc.a(gesf2.o)
 .ARM.attributes
                0x00000965       0x2c d:/freescale/cw mcu v10.7/cross_tools/arm-none-eabi-gcc-4_7_3/bin/../lib/gcc/arm-none-eabi/4.7.3/armv6-m\libgcc.a(lesf2.o)
 .ARM.attributes
                0x00000991       0x2c d:/freescale/cw mcu v10.7/cross_tools/arm-none-eabi-gcc-4_7_3/bin/../lib/gcc/arm-none-eabi/4.7.3/armv6-m\libgcc.a(divdf3.o)
 .ARM.attributes
                0x000009bd       0x2c d:/freescale/cw mcu v10.7/cross_tools/arm-none-eabi-gcc-4_7_3/bin/../lib/gcc/arm-none-eabi/4.7.3/armv6-m\libgcc.a(eqdf2.o)
 .ARM.attributes
                0x000009e9       0x2c d:/freescale/cw mcu v10.7/cross_tools/arm-none-eabi-gcc-4_7_3/bin/../lib/gcc/arm-none-eabi/4.7.3/armv6-m\libgcc.a(gedf2.o)
 .ARM.attributes
                0x00000a15       0x2c d:/freescale/cw mcu v10.7/cross_tools/arm-none-eabi-gcc-4_7_3/bin/../lib/gcc/arm-none-eabi/4.7.3/armv6-m\libgcc.a(ledf2.o)
 .ARM.attributes
                0x00000a41       0x2c d:/freescale/cw mcu v10.7/cross_tools/arm-none-eabi-gcc-4_7_3/bin/../lib/gcc/arm-none-eabi/4.7.3/armv6-m\libgcc.a(muldf3.o)
 .ARM.attributes
                0x00000a6d       0x2c d:/freescale/cw mcu v10.7/cross_tools/arm-none-eabi-gcc-4_7_3/bin/../lib/gcc/arm-none-eabi/4.7.3/armv6-m\libgcc.a(subdf3.o)
 .ARM.attributes
                0x00000a99       0x2c d:/freescale/cw mcu v10.7/cross_tools/arm-none-eabi-gcc-4_7_3/bin/../lib/gcc/arm-none-eabi/4.7.3/armv6-m\libgcc.a(fixdfsi.o)
 .ARM.attributes
                0x00000ac5       0x2c d:/freescale/cw mcu v10.7/cross_tools/arm-none-eabi-gcc-4_7_3/bin/../lib/gcc/arm-none-eabi/4.7.3/armv6-m\libgcc.a(floatsidf.o)
 .ARM.attributes
                0x00000af1       0x2c d:/freescale/cw mcu v10.7/cross_tools/arm-none-eabi-gcc-4_7_3/bin/../lib/gcc/arm-none-eabi/4.7.3/armv6-m\libgcc.a(extendsfdf2.o)
 .ARM.attributes
                0x00000b1d       0x2c d:/freescale/cw mcu v10.7/cross_tools/arm-none-eabi-gcc-4_7_3/bin/../lib/gcc/arm-none-eabi/4.7.3/armv6-m\libgcc.a(truncdfsf2.o)
 .ARM.attributes
                0x00000b49       0x1e d:/freescale/cw mcu v10.7/cross_tools/arm-none-eabi-gcc-4_7_3/bin/../lib/gcc/arm-none-eabi/4.7.3/armv6-m\libgcc.a(_clzsi2.o)
 .ARM.attributes
                0x00000b67       0x31 D:/Freescale/CW MCU v10.7/MCU/ARM_GCC_Support/ewl/lib/armv6-m\librt.a(gcc_ctor_dtor.o)
 .ARM.attributes
                0x00000b98       0x31 D:/Freescale/CW MCU v10.7/MCU/ARM_GCC_Support/ewl/lib/armv6-m\librt.a(__arm_eabi_init.o)
 .ARM.attributes
                0x00000bc9       0x31 D:/Freescale/CW MCU v10.7/MCU/ARM_GCC_Support/ewl/lib/armv6-m\librt.a(ROMCopy.o)
OUTPUT(KL25_MultiADC_DMA.elf elf32-littlearm)

.debug_info     0x00000000     0x8ffd
 .debug_info    0x00000000      0x10b ./Generated_Code/Vectors.o
 .debug_info    0x0000010b      0x4f9 ./Generated_Code/TU1.o
 .debug_info    0x00000604      0x255 ./Generated_Code/PE_LDD.o
 .debug_info    0x00000859      0x5d9 ./Generated_Code/IO1.o
 .debug_info    0x00000e32      0x592 ./Generated_Code/DMA1.o
 .debug_info    0x000013c4      0x266 ./Generated_Code/CsIO1.o
 .debug_info    0x0000162a      0x9ba ./Generated_Code/Cpu.o
 .debug_info    0x00001fe4      0x3d3 ./Generated_Code/BitIoLdd8.o
 .debug_info    0x000023b7      0x399 ./Generated_Code/BitIoLdd7.o
 .debug_info    0x00002750      0x3d3 ./Generated_Code/BitIoLdd6.o
 .debug_info    0x00002b23      0x3d3 ./Generated_Code/BitIoLdd5.o
 .debug_info    0x00002ef6      0x399 ./Generated_Code/BitIoLdd4.o
 .debug_info    0x0000328f      0x399 ./Generated_Code/BitIoLdd3.o
 .debug_info    0x00003628      0x399 ./Generated_Code/BitIoLdd2.o
 .debug_info    0x000039c1      0x399 ./Generated_Code/BitIoLdd1.o
 .debug_info    0x00003d5a      0x460 ./Generated_Code/ADC1.o
 .debug_info    0x000041ba      0x12a ./Project_Settings/Startup_Code/__arm_start.o
 .debug_info    0x000042e4       0x54 ./Project_Settings/Startup_Code/__arm_end.o
 .debug_info    0x00004338      0x2f1 ./Sources/ProcessorExpert.o
 .debug_info    0x00004629      0x1e8 ./Sources/Events.o
 .debug_info    0x00004811      0x357 D:/Freescale/CW MCU v10.7/MCU/ARM_GCC_Support/ewl/lib/armv6-m\libc.a(putchar.o)
 .debug_info    0x00004b68      0x4be D:/Freescale/CW MCU v10.7/MCU/ARM_GCC_Support/ewl/lib/armv6-m\libc.a(ansi_files.o)
 .debug_info    0x00005026      0x38a D:/Freescale/CW MCU v10.7/MCU/ARM_GCC_Support/ewl/lib/armv6-m\libc.a(puts.o)
 .debug_info    0x000053b0      0x3fa D:/Freescale/CW MCU v10.7/MCU/ARM_GCC_Support/ewl/lib/armv6-m\libc.a(__putchar.o)
 .debug_info    0x000057aa      0x45d D:/Freescale/CW MCU v10.7/MCU/ARM_GCC_Support/ewl/lib/armv6-m\libc.a(__buffer_io.o)
 .debug_info    0x00005c07      0x399 D:/Freescale/CW MCU v10.7/MCU/ARM_GCC_Support/ewl/lib/armv6-m\libc.a(printf.o)
 .debug_info    0x00005fa0       0xe8 D:/Freescale/CW MCU v10.7/MCU/ARM_GCC_Support/ewl/lib/armv6-m\libc.a(exit.o)
 .debug_info    0x00006088       0xec D:/Freescale/CW MCU v10.7/MCU/ARM_GCC_Support/ewl/lib/armv6-m\libc.a(memset.o)
 .debug_info    0x00006174      0x137 D:/Freescale/CW MCU v10.7/MCU/ARM_GCC_Support/ewl/lib/armv6-m\libc.a(__filll_mem.o)
 .debug_info    0x000062ab      0x764 D:/Freescale/CW MCU v10.7/MCU/ARM_GCC_Support/ewl/lib/armv6-m\libc.a(printformat_fp.o)
 .debug_info    0x00006a0f      0x568 D:/Freescale/CW MCU v10.7/MCU/ARM_GCC_Support/ewl/lib/armv6-m\libc.a(scanformat_.o)
 .debug_info    0x00006f77      0x313 D:/Freescale/CW MCU v10.7/MCU/ARM_GCC_Support/ewl/lib/armv6-m\libc.a(ctype_aeabi.o)
 .debug_info    0x0000728a      0x60d D:/Freescale/CW MCU v10.7/MCU/ARM_GCC_Support/ewl/lib/armv6-m\libc.a(fwrite.o)
 .debug_info    0x00007897      0x1d6 D:/Freescale/CW MCU v10.7/MCU/ARM_GCC_Support/ewl/lib/armv6-m\libc.a(__strtoul.o)
 .debug_info    0x00007a6d      0x10b D:/Freescale/CW MCU v10.7/MCU/ARM_GCC_Support/ewl/lib/armv6-m\libc.a(strchr.o)
 .debug_info    0x00007b78      0x10f D:/Freescale/CW MCU v10.7/MCU/ARM_GCC_Support/ewl/lib/armv6-m\libc.a(memcpy.o)
 .debug_info    0x00007c87      0x109 D:/Freescale/CW MCU v10.7/MCU/ARM_GCC_Support/ewl/lib/armv6-m\libc.a(strcpy.o)
 .debug_info    0x00007d90       0xea D:/Freescale/CW MCU v10.7/MCU/ARM_GCC_Support/ewl/lib/armv6-m\libc.a(strlen.o)
 .debug_info    0x00007e7a      0x116 D:/Freescale/CW MCU v10.7/MCU/ARM_GCC_Support/ewl/lib/armv6-m\libc.a(__memrchr.o)
 .debug_info    0x00007f90      0x121 D:/Freescale/CW MCU v10.7/MCU/ARM_GCC_Support/ewl/lib/armv6-m\libc.a(memchr.o)
 .debug_info    0x000080b1      0x51c D:/Freescale/CW MCU v10.7/MCU/ARM_GCC_Support/ewl/lib/armv6-m\libm.a(ansi_fp.o)
 .debug_info    0x000085cd      0x305 D:/Freescale/CW MCU v10.7/MCU/ARM_GCC_Support/ewl/lib/armv6-m\libm.a(math_api.o)
 .debug_info    0x000088d2      0x1a1 D:/Freescale/CW MCU v10.7/MCU/ARM_GCC_Support/ewl/lib/armv6-m\libm.a(s_frexp.o)
 .debug_info    0x00008a73      0x136 D:/Freescale/CW MCU v10.7/MCU/ARM_GCC_Support/ewl/lib/armv6-m\librt.a(gcc_ctor_dtor.o)
 .debug_info    0x00008ba9      0x2b9 D:/Freescale/CW MCU v10.7/MCU/ARM_GCC_Support/ewl/lib/armv6-m\librt.a(__arm_eabi_init.o)
 .debug_info    0x00008e62      0x19b D:/Freescale/CW MCU v10.7/MCU/ARM_GCC_Support/ewl/lib/armv6-m\librt.a(ROMCopy.o)

.debug_abbrev   0x00000000     0x2d80
 .debug_abbrev  0x00000000       0xa3 ./Generated_Code/Vectors.o
 .debug_abbrev  0x000000a3      0x141 ./Generated_Code/TU1.o
 .debug_abbrev  0x000001e4      0x102 ./Generated_Code/PE_LDD.o
 .debug_abbrev  0x000002e6      0x167 ./Generated_Code/IO1.o
 .debug_abbrev  0x0000044d      0x11b ./Generated_Code/DMA1.o
 .debug_abbrev  0x00000568       0xd6 ./Generated_Code/CsIO1.o
 .debug_abbrev  0x0000063e      0x17f ./Generated_Code/Cpu.o
 .debug_abbrev  0x000007bd      0x151 ./Generated_Code/BitIoLdd8.o
 .debug_abbrev  0x0000090e      0x12b ./Generated_Code/BitIoLdd7.o
 .debug_abbrev  0x00000a39      0x151 ./Generated_Code/BitIoLdd6.o
 .debug_abbrev  0x00000b8a      0x151 ./Generated_Code/BitIoLdd5.o
 .debug_abbrev  0x00000cdb      0x12b ./Generated_Code/BitIoLdd4.o
 .debug_abbrev  0x00000e06      0x12b ./Generated_Code/BitIoLdd3.o
 .debug_abbrev  0x00000f31      0x12b ./Generated_Code/BitIoLdd2.o
 .debug_abbrev  0x0000105c      0x12b ./Generated_Code/BitIoLdd1.o
 .debug_abbrev  0x00001187       0xcd ./Generated_Code/ADC1.o
 .debug_abbrev  0x00001254       0x92 ./Project_Settings/Startup_Code/__arm_start.o
 .debug_abbrev  0x000012e6       0x4c ./Project_Settings/Startup_Code/__arm_end.o
 .debug_abbrev  0x00001332      0x122 ./Sources/ProcessorExpert.o
 .debug_abbrev  0x00001454       0xe7 ./Sources/Events.o
 .debug_abbrev  0x0000153b       0xe7 D:/Freescale/CW MCU v10.7/MCU/ARM_GCC_Support/ewl/lib/armv6-m\libc.a(putchar.o)
 .debug_abbrev  0x00001622      0x107 D:/Freescale/CW MCU v10.7/MCU/ARM_GCC_Support/ewl/lib/armv6-m\libc.a(ansi_files.o)
 .debug_abbrev  0x00001729      0x10a D:/Freescale/CW MCU v10.7/MCU/ARM_GCC_Support/ewl/lib/armv6-m\libc.a(puts.o)
 .debug_abbrev  0x00001833       0xf8 D:/Freescale/CW MCU v10.7/MCU/ARM_GCC_Support/ewl/lib/armv6-m\libc.a(__putchar.o)
 .debug_abbrev  0x0000192b      0x142 D:/Freescale/CW MCU v10.7/MCU/ARM_GCC_Support/ewl/lib/armv6-m\libc.a(__buffer_io.o)
 .debug_abbrev  0x00001a6d      0x107 D:/Freescale/CW MCU v10.7/MCU/ARM_GCC_Support/ewl/lib/armv6-m\libc.a(printf.o)
 .debug_abbrev  0x00001b74       0x7a D:/Freescale/CW MCU v10.7/MCU/ARM_GCC_Support/ewl/lib/armv6-m\libc.a(exit.o)
 .debug_abbrev  0x00001bee       0x62 D:/Freescale/CW MCU v10.7/MCU/ARM_GCC_Support/ewl/lib/armv6-m\libc.a(memset.o)
 .debug_abbrev  0x00001c50       0x78 D:/Freescale/CW MCU v10.7/MCU/ARM_GCC_Support/ewl/lib/armv6-m\libc.a(__filll_mem.o)
 .debug_abbrev  0x00001cc8      0x254 D:/Freescale/CW MCU v10.7/MCU/ARM_GCC_Support/ewl/lib/armv6-m\libc.a(printformat_fp.o)
 .debug_abbrev  0x00001f1c      0x1f0 D:/Freescale/CW MCU v10.7/MCU/ARM_GCC_Support/ewl/lib/armv6-m\libc.a(scanformat_.o)
 .debug_abbrev  0x0000210c       0x9e D:/Freescale/CW MCU v10.7/MCU/ARM_GCC_Support/ewl/lib/armv6-m\libc.a(ctype_aeabi.o)
 .debug_abbrev  0x000021aa      0x16a D:/Freescale/CW MCU v10.7/MCU/ARM_GCC_Support/ewl/lib/armv6-m\libc.a(fwrite.o)
 .debug_abbrev  0x00002314       0xc2 D:/Freescale/CW MCU v10.7/MCU/ARM_GCC_Support/ewl/lib/armv6-m\libc.a(__strtoul.o)
 .debug_abbrev  0x000023d6       0x7a D:/Freescale/CW MCU v10.7/MCU/ARM_GCC_Support/ewl/lib/armv6-m\libc.a(strchr.o)
 .debug_abbrev  0x00002450       0x95 D:/Freescale/CW MCU v10.7/MCU/ARM_GCC_Support/ewl/lib/armv6-m\libc.a(memcpy.o)
 .debug_abbrev  0x000024e5       0x78 D:/Freescale/CW MCU v10.7/MCU/ARM_GCC_Support/ewl/lib/armv6-m\libc.a(strcpy.o)
 .debug_abbrev  0x0000255d       0x7a D:/Freescale/CW MCU v10.7/MCU/ARM_GCC_Support/ewl/lib/armv6-m\libc.a(strlen.o)
 .debug_abbrev  0x000025d7       0x95 D:/Freescale/CW MCU v10.7/MCU/ARM_GCC_Support/ewl/lib/armv6-m\libc.a(__memrchr.o)
 .debug_abbrev  0x0000266c       0x95 D:/Freescale/CW MCU v10.7/MCU/ARM_GCC_Support/ewl/lib/armv6-m\libc.a(memchr.o)
 .debug_abbrev  0x00002701      0x15d D:/Freescale/CW MCU v10.7/MCU/ARM_GCC_Support/ewl/lib/armv6-m\libm.a(ansi_fp.o)
 .debug_abbrev  0x0000285e       0xe8 D:/Freescale/CW MCU v10.7/MCU/ARM_GCC_Support/ewl/lib/armv6-m\libm.a(math_api.o)
 .debug_abbrev  0x00002946       0xce D:/Freescale/CW MCU v10.7/MCU/ARM_GCC_Support/ewl/lib/armv6-m\libm.a(s_frexp.o)
 .debug_abbrev  0x00002a14       0x99 D:/Freescale/CW MCU v10.7/MCU/ARM_GCC_Support/ewl/lib/armv6-m\librt.a(gcc_ctor_dtor.o)
 .debug_abbrev  0x00002aad      0x1b3 D:/Freescale/CW MCU v10.7/MCU/ARM_GCC_Support/ewl/lib/armv6-m\librt.a(__arm_eabi_init.o)
 .debug_abbrev  0x00002c60      0x120 D:/Freescale/CW MCU v10.7/MCU/ARM_GCC_Support/ewl/lib/armv6-m\librt.a(ROMCopy.o)

.debug_aranges  0x00000000      0x8b0
 .debug_aranges
                0x00000000       0x18 ./Generated_Code/Vectors.o
 .debug_aranges
                0x00000018       0x38 ./Generated_Code/TU1.o
 .debug_aranges
                0x00000050       0x30 ./Generated_Code/PE_LDD.o
 .debug_aranges
                0x00000080       0x38 ./Generated_Code/IO1.o
 .debug_aranges
                0x000000b8       0x20 ./Generated_Code/DMA1.o
 .debug_aranges
                0x000000d8       0x30 ./Generated_Code/CsIO1.o
 .debug_aranges
                0x00000108       0x58 ./Generated_Code/Cpu.o
 .debug_aranges
                0x00000160       0x48 ./Generated_Code/BitIoLdd8.o
 .debug_aranges
                0x000001a8       0x40 ./Generated_Code/BitIoLdd7.o
 .debug_aranges
                0x000001e8       0x48 ./Generated_Code/BitIoLdd6.o
 .debug_aranges
                0x00000230       0x48 ./Generated_Code/BitIoLdd5.o
 .debug_aranges
                0x00000278       0x40 ./Generated_Code/BitIoLdd4.o
 .debug_aranges
                0x000002b8       0x40 ./Generated_Code/BitIoLdd3.o
 .debug_aranges
                0x000002f8       0x40 ./Generated_Code/BitIoLdd2.o
 .debug_aranges
                0x00000338       0x40 ./Generated_Code/BitIoLdd1.o
 .debug_aranges
                0x00000378       0x20 ./Generated_Code/ADC1.o
 .debug_aranges
                0x00000398       0x30 ./Project_Settings/Startup_Code/__arm_start.o
 .debug_aranges
                0x000003c8       0x20 ./Project_Settings/Startup_Code/__arm_end.o
 .debug_aranges
                0x000003e8       0x20 ./Sources/ProcessorExpert.o
 .debug_aranges
                0x00000408       0x30 ./Sources/Events.o
 .debug_aranges
                0x00000438       0x20 D:/Freescale/CW MCU v10.7/MCU/ARM_GCC_Support/ewl/lib/armv6-m\libc.a(putchar.o)
 .debug_aranges
                0x00000458       0x28 D:/Freescale/CW MCU v10.7/MCU/ARM_GCC_Support/ewl/lib/armv6-m\libc.a(ansi_files.o)
 .debug_aranges
                0x00000480       0x20 D:/Freescale/CW MCU v10.7/MCU/ARM_GCC_Support/ewl/lib/armv6-m\libc.a(puts.o)
 .debug_aranges
                0x000004a0       0x20 D:/Freescale/CW MCU v10.7/MCU/ARM_GCC_Support/ewl/lib/armv6-m\libc.a(__putchar.o)
 .debug_aranges
                0x000004c0       0x30 D:/Freescale/CW MCU v10.7/MCU/ARM_GCC_Support/ewl/lib/armv6-m\libc.a(__buffer_io.o)
 .debug_aranges
                0x000004f0       0x20 D:/Freescale/CW MCU v10.7/MCU/ARM_GCC_Support/ewl/lib/armv6-m\libc.a(printf.o)
 .debug_aranges
                0x00000510       0x20 D:/Freescale/CW MCU v10.7/MCU/ARM_GCC_Support/ewl/lib/armv6-m\libc.a(exit.o)
 .debug_aranges
                0x00000530       0x20 D:/Freescale/CW MCU v10.7/MCU/ARM_GCC_Support/ewl/lib/armv6-m\libc.a(memset.o)
 .debug_aranges
                0x00000550       0x20 D:/Freescale/CW MCU v10.7/MCU/ARM_GCC_Support/ewl/lib/armv6-m\libc.a(__filll_mem.o)
 .debug_aranges
                0x00000570       0x28 D:/Freescale/CW MCU v10.7/MCU/ARM_GCC_Support/ewl/lib/armv6-m\libc.a(printformat_fp.o)
 .debug_aranges
                0x00000598       0x20 D:/Freescale/CW MCU v10.7/MCU/ARM_GCC_Support/ewl/lib/armv6-m\libc.a(scanformat_.o)
 .debug_aranges
                0x000005b8       0x88 D:/Freescale/CW MCU v10.7/MCU/ARM_GCC_Support/ewl/lib/armv6-m\libc.a(ctype_aeabi.o)
 .debug_aranges
                0x00000640       0x30 D:/Freescale/CW MCU v10.7/MCU/ARM_GCC_Support/ewl/lib/armv6-m\libc.a(fwrite.o)
 .debug_aranges
                0x00000670       0x20 D:/Freescale/CW MCU v10.7/MCU/ARM_GCC_Support/ewl/lib/armv6-m\libc.a(__strtoul.o)
 .debug_aranges
                0x00000690       0x20 D:/Freescale/CW MCU v10.7/MCU/ARM_GCC_Support/ewl/lib/armv6-m\libc.a(strchr.o)
 .debug_aranges
                0x000006b0       0x20 D:/Freescale/CW MCU v10.7/MCU/ARM_GCC_Support/ewl/lib/armv6-m\libc.a(memcpy.o)
 .debug_aranges
                0x000006d0       0x20 D:/Freescale/CW MCU v10.7/MCU/ARM_GCC_Support/ewl/lib/armv6-m\libc.a(strcpy.o)
 .debug_aranges
                0x000006f0       0x20 D:/Freescale/CW MCU v10.7/MCU/ARM_GCC_Support/ewl/lib/armv6-m\libc.a(strlen.o)
 .debug_aranges
                0x00000710       0x20 D:/Freescale/CW MCU v10.7/MCU/ARM_GCC_Support/ewl/lib/armv6-m\libc.a(__memrchr.o)
 .debug_aranges
                0x00000730       0x20 D:/Freescale/CW MCU v10.7/MCU/ARM_GCC_Support/ewl/lib/armv6-m\libc.a(memchr.o)
 .debug_aranges
                0x00000750       0x30 D:/Freescale/CW MCU v10.7/MCU/ARM_GCC_Support/ewl/lib/armv6-m\libm.a(ansi_fp.o)
 .debug_aranges
                0x00000780       0x60 D:/Freescale/CW MCU v10.7/MCU/ARM_GCC_Support/ewl/lib/armv6-m\libm.a(math_api.o)
 .debug_aranges
                0x000007e0       0x20 D:/Freescale/CW MCU v10.7/MCU/ARM_GCC_Support/ewl/lib/armv6-m\libm.a(s_frexp.o)
 .debug_aranges
                0x00000800       0x28 D:/Freescale/CW MCU v10.7/MCU/ARM_GCC_Support/ewl/lib/armv6-m\librt.a(gcc_ctor_dtor.o)
 .debug_aranges
                0x00000828       0x58 D:/Freescale/CW MCU v10.7/MCU/ARM_GCC_Support/ewl/lib/armv6-m\librt.a(__arm_eabi_init.o)
 .debug_aranges
                0x00000880       0x30 D:/Freescale/CW MCU v10.7/MCU/ARM_GCC_Support/ewl/lib/armv6-m\librt.a(ROMCopy.o)

.debug_macinfo  0x00000000   0x3697f9
 .debug_macinfo
                0x00000000    0x3288d ./Generated_Code/Vectors.o
 .debug_macinfo
                0x0003288d    0x2ffe8 ./Generated_Code/TU1.o
 .debug_macinfo
                0x00062875    0x327b7 ./Generated_Code/PE_LDD.o
 .debug_macinfo
                0x0009502c    0x383fe ./Generated_Code/IO1.o
 .debug_macinfo
                0x000cd42a    0x2deab ./Generated_Code/DMA1.o
 .debug_macinfo
                0x000fb2d5    0x2a8f1 ./Generated_Code/CsIO1.o
 .debug_macinfo
                0x00125bc6    0x3288a ./Generated_Code/Cpu.o
 .debug_macinfo
                0x00158450    0x2ee43 ./Generated_Code/BitIoLdd8.o
 .debug_macinfo
                0x00187293    0x2ee20 ./Generated_Code/BitIoLdd7.o
 .debug_macinfo
                0x001b60b3    0x2ee49 ./Generated_Code/BitIoLdd6.o
 .debug_macinfo
                0x001e4efc    0x2ee49 ./Generated_Code/BitIoLdd5.o
 .debug_macinfo
                0x00213d45    0x2ee22 ./Generated_Code/BitIoLdd4.o
 .debug_macinfo
                0x00242b67    0x2ee20 ./Generated_Code/BitIoLdd3.o
 .debug_macinfo
                0x00271987    0x2ee22 ./Generated_Code/BitIoLdd2.o
 .debug_macinfo
                0x002a07a9    0x2ee22 ./Generated_Code/BitIoLdd1.o
 .debug_macinfo
                0x002cf5cb    0x2deac ./Generated_Code/ADC1.o
 .debug_macinfo
                0x002fd477     0x3e6d ./Project_Settings/Startup_Code/__arm_start.o
 .debug_macinfo
                0x003012e4     0x3456 ./Project_Settings/Startup_Code/__arm_end.o
 .debug_macinfo
                0x0030473a    0x3288a ./Sources/ProcessorExpert.o
 .debug_macinfo
                0x00336fc4    0x32835 ./Sources/Events.o

.debug_line     0x00000000     0x5dd1
 .debug_line    0x00000000      0x5c2 ./Generated_Code/Vectors.o
 .debug_line    0x000005c2      0x2bb ./Generated_Code/TU1.o
 .debug_line    0x0000087d      0x454 ./Generated_Code/PE_LDD.o
 .debug_line    0x00000cd1      0x2e6 ./Generated_Code/IO1.o
 .debug_line    0x00000fb7      0x234 ./Generated_Code/DMA1.o
 .debug_line    0x000011eb      0x341 ./Generated_Code/CsIO1.o
 .debug_line    0x0000152c      0x6ac ./Generated_Code/Cpu.o
 .debug_line    0x00001bd8      0x2e8 ./Generated_Code/BitIoLdd8.o
 .debug_line    0x00001ec0      0x2d2 ./Generated_Code/BitIoLdd7.o
 .debug_line    0x00002192      0x2e8 ./Generated_Code/BitIoLdd6.o
 .debug_line    0x0000247a      0x2e8 ./Generated_Code/BitIoLdd5.o
 .debug_line    0x00002762      0x2d1 ./Generated_Code/BitIoLdd4.o
 .debug_line    0x00002a33      0x2d2 ./Generated_Code/BitIoLdd3.o
 .debug_line    0x00002d05      0x2d1 ./Generated_Code/BitIoLdd2.o
 .debug_line    0x00002fd6      0x2d1 ./Generated_Code/BitIoLdd1.o
 .debug_line    0x000032a7      0x221 ./Generated_Code/ADC1.o
 .debug_line    0x000034c8      0x2a4 ./Project_Settings/Startup_Code/__arm_start.o
 .debug_line    0x0000376c      0x266 ./Project_Settings/Startup_Code/__arm_end.o
 .debug_line    0x000039d2      0x4d0 ./Sources/ProcessorExpert.o
 .debug_line    0x00003ea2      0x496 ./Sources/Events.o
 .debug_line    0x00004338       0x97 D:/Freescale/CW MCU v10.7/MCU/ARM_GCC_Support/ewl/lib/armv6-m\libc.a(putchar.o)
 .debug_line    0x000043cf       0xc0 D:/Freescale/CW MCU v10.7/MCU/ARM_GCC_Support/ewl/lib/armv6-m\libc.a(ansi_files.o)
 .debug_line    0x0000448f       0x9a D:/Freescale/CW MCU v10.7/MCU/ARM_GCC_Support/ewl/lib/armv6-m\libc.a(puts.o)
 .debug_line    0x00004529       0xc2 D:/Freescale/CW MCU v10.7/MCU/ARM_GCC_Support/ewl/lib/armv6-m\libc.a(__putchar.o)
 .debug_line    0x000045eb       0xf0 D:/Freescale/CW MCU v10.7/MCU/ARM_GCC_Support/ewl/lib/armv6-m\libc.a(__buffer_io.o)
 .debug_line    0x000046db       0xb0 D:/Freescale/CW MCU v10.7/MCU/ARM_GCC_Support/ewl/lib/armv6-m\libc.a(printf.o)
 .debug_line    0x0000478b       0x8d D:/Freescale/CW MCU v10.7/MCU/ARM_GCC_Support/ewl/lib/armv6-m\libc.a(exit.o)
 .debug_line    0x00004818       0x90 D:/Freescale/CW MCU v10.7/MCU/ARM_GCC_Support/ewl/lib/armv6-m\libc.a(memset.o)
 .debug_line    0x000048a8       0xf6 D:/Freescale/CW MCU v10.7/MCU/ARM_GCC_Support/ewl/lib/armv6-m\libc.a(__filll_mem.o)
 .debug_line    0x0000499e      0x3bf D:/Freescale/CW MCU v10.7/MCU/ARM_GCC_Support/ewl/lib/armv6-m\libc.a(printformat_fp.o)
 .debug_line    0x00004d5d      0x2be D:/Freescale/CW MCU v10.7/MCU/ARM_GCC_Support/ewl/lib/armv6-m\libc.a(scanformat_.o)
 .debug_line    0x0000501b      0x1be D:/Freescale/CW MCU v10.7/MCU/ARM_GCC_Support/ewl/lib/armv6-m\libc.a(ctype_aeabi.o)
 .debug_line    0x000051d9      0x158 D:/Freescale/CW MCU v10.7/MCU/ARM_GCC_Support/ewl/lib/armv6-m\libc.a(fwrite.o)
 .debug_line    0x00005331      0x11e D:/Freescale/CW MCU v10.7/MCU/ARM_GCC_Support/ewl/lib/armv6-m\libc.a(__strtoul.o)
 .debug_line    0x0000544f       0x7d D:/Freescale/CW MCU v10.7/MCU/ARM_GCC_Support/ewl/lib/armv6-m\libc.a(strchr.o)
 .debug_line    0x000054cc       0x8b D:/Freescale/CW MCU v10.7/MCU/ARM_GCC_Support/ewl/lib/armv6-m\libc.a(memcpy.o)
 .debug_line    0x00005557       0x7d D:/Freescale/CW MCU v10.7/MCU/ARM_GCC_Support/ewl/lib/armv6-m\libc.a(strcpy.o)
 .debug_line    0x000055d4       0x85 D:/Freescale/CW MCU v10.7/MCU/ARM_GCC_Support/ewl/lib/armv6-m\libc.a(strlen.o)
 .debug_line    0x00005659       0x99 D:/Freescale/CW MCU v10.7/MCU/ARM_GCC_Support/ewl/lib/armv6-m\libc.a(__memrchr.o)
 .debug_line    0x000056f2       0x9f D:/Freescale/CW MCU v10.7/MCU/ARM_GCC_Support/ewl/lib/armv6-m\libc.a(memchr.o)
 .debug_line    0x00005791      0x1d4 D:/Freescale/CW MCU v10.7/MCU/ARM_GCC_Support/ewl/lib/armv6-m\libm.a(ansi_fp.o)
 .debug_line    0x00005965      0x173 D:/Freescale/CW MCU v10.7/MCU/ARM_GCC_Support/ewl/lib/armv6-m\libm.a(math_api.o)
 .debug_line    0x00005ad8       0xb9 D:/Freescale/CW MCU v10.7/MCU/ARM_GCC_Support/ewl/lib/armv6-m\libm.a(s_frexp.o)
 .debug_line    0x00005b91       0x6c D:/Freescale/CW MCU v10.7/MCU/ARM_GCC_Support/ewl/lib/armv6-m\librt.a(gcc_ctor_dtor.o)
 .debug_line    0x00005bfd      0x117 D:/Freescale/CW MCU v10.7/MCU/ARM_GCC_Support/ewl/lib/armv6-m\librt.a(__arm_eabi_init.o)
 .debug_line    0x00005d14       0xbd D:/Freescale/CW MCU v10.7/MCU/ARM_GCC_Support/ewl/lib/armv6-m\librt.a(ROMCopy.o)

.debug_str      0x00000000     0x2109
 .debug_str     0x00000000      0x149 ./Generated_Code/Vectors.o
                                0x182 (size before relaxing)
 .debug_str     0x00000149      0x215 ./Generated_Code/TU1.o
                                0x343 (size before relaxing)
 .debug_str     0x0000035e      0x170 ./Generated_Code/PE_LDD.o
                                0x2e5 (size before relaxing)
 .debug_str     0x000004ce      0x10e ./Generated_Code/IO1.o
                                0x3a8 (size before relaxing)
 .debug_str     0x000005dc       0xdb ./Generated_Code/DMA1.o
                                0x2f3 (size before relaxing)
 .debug_str     0x000006b7       0x9b ./Generated_Code/CsIO1.o
                                0x1ec (size before relaxing)
 .debug_str     0x00000752      0x299 ./Generated_Code/Cpu.o
                                0x531 (size before relaxing)
 .debug_str     0x000009eb       0xf5 ./Generated_Code/BitIoLdd8.o
                                0x2f2 (size before relaxing)
 .debug_str     0x00000ae0       0xa0 ./Generated_Code/BitIoLdd7.o
                                0x2e1 (size before relaxing)
 .debug_str     0x00000b80       0xb1 ./Generated_Code/BitIoLdd6.o
                                0x2f2 (size before relaxing)
 .debug_str     0x00000c31       0xb1 ./Generated_Code/BitIoLdd5.o
                                0x2f2 (size before relaxing)
 .debug_str     0x00000ce2       0xa0 ./Generated_Code/BitIoLdd4.o
                                0x2e1 (size before relaxing)
 .debug_str     0x00000d82       0xa0 ./Generated_Code/BitIoLdd3.o
                                0x2e1 (size before relaxing)
 .debug_str     0x00000e22       0xa0 ./Generated_Code/BitIoLdd2.o
                                0x2e1 (size before relaxing)
 .debug_str     0x00000ec2       0xa0 ./Generated_Code/BitIoLdd1.o
                                0x2e1 (size before relaxing)
 .debug_str     0x00000f62       0x23 ./Generated_Code/ADC1.o
                                0x29a (size before relaxing)
 .debug_str     0x00000f85       0x85 ./Project_Settings/Startup_Code/__arm_start.o
                                0x1a3 (size before relaxing)
 .debug_str     0x0000100a       0x41 ./Project_Settings/Startup_Code/__arm_end.o
                                 0xda (size before relaxing)
 .debug_str     0x0000104b       0x9a ./Sources/ProcessorExpert.o
                                0x242 (size before relaxing)
 .debug_str     0x000010e5       0x38 ./Sources/Events.o
                                0x1ba (size before relaxing)
 .debug_str     0x0000111d      0x180 D:/Freescale/CW MCU v10.7/MCU/ARM_GCC_Support/ewl/lib/armv6-m\libc.a(putchar.o)
                                0x2c6 (size before relaxing)
 .debug_str     0x0000129d      0x198 D:/Freescale/CW MCU v10.7/MCU/ARM_GCC_Support/ewl/lib/armv6-m\libc.a(ansi_files.o)
                                0x442 (size before relaxing)
 .debug_str     0x00001435       0x16 D:/Freescale/CW MCU v10.7/MCU/ARM_GCC_Support/ewl/lib/armv6-m\libc.a(puts.o)
                                0x2cc (size before relaxing)
 .debug_str     0x0000144b       0x21 D:/Freescale/CW MCU v10.7/MCU/ARM_GCC_Support/ewl/lib/armv6-m\libc.a(__putchar.o)
                                0x39e (size before relaxing)
 .debug_str     0x0000146c       0x94 D:/Freescale/CW MCU v10.7/MCU/ARM_GCC_Support/ewl/lib/armv6-m\libc.a(__buffer_io.o)
                                0x373 (size before relaxing)
 .debug_str     0x00001500       0x2e D:/Freescale/CW MCU v10.7/MCU/ARM_GCC_Support/ewl/lib/armv6-m\libc.a(printf.o)
                                0x2e9 (size before relaxing)
 .debug_str     0x0000152e       0x2e D:/Freescale/CW MCU v10.7/MCU/ARM_GCC_Support/ewl/lib/armv6-m\libc.a(exit.o)
                                0x157 (size before relaxing)
 .debug_str     0x0000155c       0x1c D:/Freescale/CW MCU v10.7/MCU/ARM_GCC_Support/ewl/lib/armv6-m\libc.a(memset.o)
                                0x140 (size before relaxing)
 .debug_str     0x00001578       0x25 D:/Freescale/CW MCU v10.7/MCU/ARM_GCC_Support/ewl/lib/armv6-m\libc.a(__filll_mem.o)
                                0x152 (size before relaxing)
 .debug_str     0x0000159d      0x297 D:/Freescale/CW MCU v10.7/MCU/ARM_GCC_Support/ewl/lib/armv6-m\libc.a(printformat_fp.o)
                                0x463 (size before relaxing)
 .debug_str     0x00001834      0x17b D:/Freescale/CW MCU v10.7/MCU/ARM_GCC_Support/ewl/lib/armv6-m\libc.a(scanformat_.o)
                                0x3f9 (size before relaxing)
 .debug_str     0x000019af       0x9d D:/Freescale/CW MCU v10.7/MCU/ARM_GCC_Support/ewl/lib/armv6-m\libc.a(ctype_aeabi.o)
                                0x1bc (size before relaxing)
 .debug_str     0x00001a4c      0x15b D:/Freescale/CW MCU v10.7/MCU/ARM_GCC_Support/ewl/lib/armv6-m\libc.a(fwrite.o)
                                0x53b (size before relaxing)
 .debug_str     0x00001ba7       0x5b D:/Freescale/CW MCU v10.7/MCU/ARM_GCC_Support/ewl/lib/armv6-m\libc.a(__strtoul.o)
                                0x1fb (size before relaxing)
 .debug_str     0x00001c02       0x1c D:/Freescale/CW MCU v10.7/MCU/ARM_GCC_Support/ewl/lib/armv6-m\libc.a(strchr.o)
                                0x137 (size before relaxing)
 .debug_str     0x00001c1e       0x1c D:/Freescale/CW MCU v10.7/MCU/ARM_GCC_Support/ewl/lib/armv6-m\libc.a(memcpy.o)
                                0x138 (size before relaxing)
 .debug_str     0x00001c3a       0x1c D:/Freescale/CW MCU v10.7/MCU/ARM_GCC_Support/ewl/lib/armv6-m\libc.a(strcpy.o)
                                0x142 (size before relaxing)
 .debug_str     0x00001c56       0x1c D:/Freescale/CW MCU v10.7/MCU/ARM_GCC_Support/ewl/lib/armv6-m\libc.a(strlen.o)
                                0x140 (size before relaxing)
 .debug_str     0x00001c72       0x22 D:/Freescale/CW MCU v10.7/MCU/ARM_GCC_Support/ewl/lib/armv6-m\libc.a(__memrchr.o)
                                0x145 (size before relaxing)
 .debug_str     0x00001c94       0x1c D:/Freescale/CW MCU v10.7/MCU/ARM_GCC_Support/ewl/lib/armv6-m\libc.a(memchr.o)
                                0x148 (size before relaxing)
 .debug_str     0x00001cb0       0x98 D:/Freescale/CW MCU v10.7/MCU/ARM_GCC_Support/ewl/lib/armv6-m\libm.a(ansi_fp.o)
                                0x219 (size before relaxing)
 .debug_str     0x00001d48       0xee D:/Freescale/CW MCU v10.7/MCU/ARM_GCC_Support/ewl/lib/armv6-m\libm.a(math_api.o)
                                0x228 (size before relaxing)
 .debug_str     0x00001e36       0x24 D:/Freescale/CW MCU v10.7/MCU/ARM_GCC_Support/ewl/lib/armv6-m\libm.a(s_frexp.o)
                                0x15d (size before relaxing)
 .debug_str     0x00001e5a      0x126 D:/Freescale/CW MCU v10.7/MCU/ARM_GCC_Support/ewl/lib/armv6-m\librt.a(gcc_ctor_dtor.o)
                                0x181 (size before relaxing)
 .debug_str     0x00001f80       0xee D:/Freescale/CW MCU v10.7/MCU/ARM_GCC_Support/ewl/lib/armv6-m\librt.a(__arm_eabi_init.o)
                                0x1b5 (size before relaxing)
 .debug_str     0x0000206e       0x9b D:/Freescale/CW MCU v10.7/MCU/ARM_GCC_Support/ewl/lib/armv6-m\librt.a(ROMCopy.o)
                                0x13c (size before relaxing)

.comment        0x00000000       0x79
 .comment       0x00000000       0x79 ./Generated_Code/Vectors.o
                                 0x7a (size before relaxing)
 .comment       0x00000000       0x7a ./Generated_Code/TU1.o
 .comment       0x00000000       0x7a ./Generated_Code/PE_LDD.o
 .comment       0x00000000       0x7a ./Generated_Code/IO1.o
 .comment       0x00000000       0x7a ./Generated_Code/DMA1.o
 .comment       0x00000000       0x7a ./Generated_Code/CsIO1.o
 .comment       0x00000000       0x7a ./Generated_Code/Cpu.o
 .comment       0x00000000       0x7a ./Generated_Code/BitIoLdd8.o
 .comment       0x00000000       0x7a ./Generated_Code/BitIoLdd7.o
 .comment       0x00000000       0x7a ./Generated_Code/BitIoLdd6.o
 .comment       0x00000000       0x7a ./Generated_Code/BitIoLdd5.o
 .comment       0x00000000       0x7a ./Generated_Code/BitIoLdd4.o
 .comment       0x00000000       0x7a ./Generated_Code/BitIoLdd3.o
 .comment       0x00000000       0x7a ./Generated_Code/BitIoLdd2.o
 .comment       0x00000000       0x7a ./Generated_Code/BitIoLdd1.o
 .comment       0x00000000       0x7a ./Generated_Code/ADC1.o
 .comment       0x00000000       0x7a ./Project_Settings/Startup_Code/__arm_start.o
 .comment       0x00000000       0x7a ./Project_Settings/Startup_Code/__arm_end.o
 .comment       0x00000000       0x7a ./Sources/ProcessorExpert.o
 .comment       0x00000000       0x7a ./Sources/Events.o
 .comment       0x00000000       0x7a D:/Freescale/CW MCU v10.7/MCU/ARM_GCC_Support/ewl/lib/armv6-m\libc.a(putchar.o)
 .comment       0x00000000       0x7a D:/Freescale/CW MCU v10.7/MCU/ARM_GCC_Support/ewl/lib/armv6-m\libc.a(ansi_files.o)
 .comment       0x00000000       0x7a D:/Freescale/CW MCU v10.7/MCU/ARM_GCC_Support/ewl/lib/armv6-m\libc.a(puts.o)
 .comment       0x00000000       0x7a D:/Freescale/CW MCU v10.7/MCU/ARM_GCC_Support/ewl/lib/armv6-m\libc.a(__putchar.o)
 .comment       0x00000000       0x7a D:/Freescale/CW MCU v10.7/MCU/ARM_GCC_Support/ewl/lib/armv6-m\libc.a(__buffer_io.o)
 .comment       0x00000000       0x7a D:/Freescale/CW MCU v10.7/MCU/ARM_GCC_Support/ewl/lib/armv6-m\libc.a(printf.o)
 .comment       0x00000000       0x7a D:/Freescale/CW MCU v10.7/MCU/ARM_GCC_Support/ewl/lib/armv6-m\libc.a(exit.o)
 .comment       0x00000000       0x7a D:/Freescale/CW MCU v10.7/MCU/ARM_GCC_Support/ewl/lib/armv6-m\libc.a(memset.o)
 .comment       0x00000000       0x7a D:/Freescale/CW MCU v10.7/MCU/ARM_GCC_Support/ewl/lib/armv6-m\libc.a(__filll_mem.o)
 .comment       0x00000000       0x7a D:/Freescale/CW MCU v10.7/MCU/ARM_GCC_Support/ewl/lib/armv6-m\libc.a(printformat_fp.o)
 .comment       0x00000000       0x7a D:/Freescale/CW MCU v10.7/MCU/ARM_GCC_Support/ewl/lib/armv6-m\libc.a(scanformat_.o)
 .comment       0x00000000       0x7a D:/Freescale/CW MCU v10.7/MCU/ARM_GCC_Support/ewl/lib/armv6-m\libc.a(ctype_aeabi.o)
 .comment       0x00000000       0x7a D:/Freescale/CW MCU v10.7/MCU/ARM_GCC_Support/ewl/lib/armv6-m\libc.a(fwrite.o)
 .comment       0x00000000       0x7a D:/Freescale/CW MCU v10.7/MCU/ARM_GCC_Support/ewl/lib/armv6-m\libc.a(__strtoul.o)
 .comment       0x00000000       0x7a D:/Freescale/CW MCU v10.7/MCU/ARM_GCC_Support/ewl/lib/armv6-m\libc.a(strchr.o)
 .comment       0x00000000       0x7a D:/Freescale/CW MCU v10.7/MCU/ARM_GCC_Support/ewl/lib/armv6-m\libc.a(memcpy.o)
 .comment       0x00000000       0x7a D:/Freescale/CW MCU v10.7/MCU/ARM_GCC_Support/ewl/lib/armv6-m\libc.a(strcpy.o)
 .comment       0x00000000       0x7a D:/Freescale/CW MCU v10.7/MCU/ARM_GCC_Support/ewl/lib/armv6-m\libc.a(strlen.o)
 .comment       0x00000000       0x7a D:/Freescale/CW MCU v10.7/MCU/ARM_GCC_Support/ewl/lib/armv6-m\libc.a(__memrchr.o)
 .comment       0x00000000       0x7a D:/Freescale/CW MCU v10.7/MCU/ARM_GCC_Support/ewl/lib/armv6-m\libc.a(memchr.o)
 .comment       0x00000000       0x7a D:/Freescale/CW MCU v10.7/MCU/ARM_GCC_Support/ewl/lib/armv6-m\libm.a(ansi_fp.o)
 .comment       0x00000000       0x7a D:/Freescale/CW MCU v10.7/MCU/ARM_GCC_Support/ewl/lib/armv6-m\libm.a(math_api.o)
 .comment       0x00000000       0x7a D:/Freescale/CW MCU v10.7/MCU/ARM_GCC_Support/ewl/lib/armv6-m\libm.a(s_frexp.o)
 .comment       0x00000000       0x7a D:/Freescale/CW MCU v10.7/MCU/ARM_GCC_Support/ewl/lib/armv6-m\librt.a(gcc_ctor_dtor.o)
 .comment       0x00000000       0x7a D:/Freescale/CW MCU v10.7/MCU/ARM_GCC_Support/ewl/lib/armv6-m\librt.a(__arm_eabi_init.o)
 .comment       0x00000000       0x7a D:/Freescale/CW MCU v10.7/MCU/ARM_GCC_Support/ewl/lib/armv6-m\librt.a(ROMCopy.o)

.debug_loc      0x00000000     0x4b4c
 .debug_loc     0x00000000       0xe0 ./Generated_Code/TU1.o
 .debug_loc     0x000000e0       0x9c ./Generated_Code/PE_LDD.o
 .debug_loc     0x0000017c       0xe0 ./Generated_Code/IO1.o
 .debug_loc     0x0000025c       0x2c ./Generated_Code/DMA1.o
 .debug_loc     0x00000288       0xa8 ./Generated_Code/CsIO1.o
 .debug_loc     0x00000330      0x16c ./Generated_Code/Cpu.o
 .debug_loc     0x0000049c      0x150 ./Generated_Code/BitIoLdd8.o
 .debug_loc     0x000005ec      0x118 ./Generated_Code/BitIoLdd7.o
 .debug_loc     0x00000704      0x150 ./Generated_Code/BitIoLdd6.o
 .debug_loc     0x00000854      0x150 ./Generated_Code/BitIoLdd5.o
 .debug_loc     0x000009a4      0x118 ./Generated_Code/BitIoLdd4.o
 .debug_loc     0x00000abc      0x118 ./Generated_Code/BitIoLdd3.o
 .debug_loc     0x00000bd4      0x118 ./Generated_Code/BitIoLdd2.o
 .debug_loc     0x00000cec      0x118 ./Generated_Code/BitIoLdd1.o
 .debug_loc     0x00000e04       0x2c ./Generated_Code/ADC1.o
 .debug_loc     0x00000e30       0x2c ./Project_Settings/Startup_Code/__arm_start.o
 .debug_loc     0x00000e5c       0x38 ./Project_Settings/Startup_Code/__arm_end.o
 .debug_loc     0x00000e94       0x38 ./Sources/ProcessorExpert.o
 .debug_loc     0x00000ecc       0x84 ./Sources/Events.o
 .debug_loc     0x00000f50       0x3e D:/Freescale/CW MCU v10.7/MCU/ARM_GCC_Support/ewl/lib/armv6-m\libc.a(putchar.o)
 .debug_loc     0x00000f8e       0x8c D:/Freescale/CW MCU v10.7/MCU/ARM_GCC_Support/ewl/lib/armv6-m\libc.a(ansi_files.o)
 .debug_loc     0x0000101a       0x72 D:/Freescale/CW MCU v10.7/MCU/ARM_GCC_Support/ewl/lib/armv6-m\libc.a(puts.o)
 .debug_loc     0x0000108c       0x87 D:/Freescale/CW MCU v10.7/MCU/ARM_GCC_Support/ewl/lib/armv6-m\libc.a(__putchar.o)
 .debug_loc     0x00001113      0x126 D:/Freescale/CW MCU v10.7/MCU/ARM_GCC_Support/ewl/lib/armv6-m\libc.a(__buffer_io.o)
 .debug_loc     0x00001239       0x2c D:/Freescale/CW MCU v10.7/MCU/ARM_GCC_Support/ewl/lib/armv6-m\libc.a(printf.o)
 .debug_loc     0x00001265       0x3e D:/Freescale/CW MCU v10.7/MCU/ARM_GCC_Support/ewl/lib/armv6-m\libc.a(exit.o)
 .debug_loc     0x000012a3       0x6f D:/Freescale/CW MCU v10.7/MCU/ARM_GCC_Support/ewl/lib/armv6-m\libc.a(memset.o)
 .debug_loc     0x00001312      0x14a D:/Freescale/CW MCU v10.7/MCU/ARM_GCC_Support/ewl/lib/armv6-m\libc.a(__filll_mem.o)
 .debug_loc     0x0000145c     0x15bd D:/Freescale/CW MCU v10.7/MCU/ARM_GCC_Support/ewl/lib/armv6-m\libc.a(printformat_fp.o)
 .debug_loc     0x00002a19      0x9d8 D:/Freescale/CW MCU v10.7/MCU/ARM_GCC_Support/ewl/lib/armv6-m\libc.a(scanformat_.o)
 .debug_loc     0x000033f1      0x30d D:/Freescale/CW MCU v10.7/MCU/ARM_GCC_Support/ewl/lib/armv6-m\libc.a(ctype_aeabi.o)
 .debug_loc     0x000036fe      0x2c2 D:/Freescale/CW MCU v10.7/MCU/ARM_GCC_Support/ewl/lib/armv6-m\libc.a(fwrite.o)
 .debug_loc     0x000039c0      0x305 D:/Freescale/CW MCU v10.7/MCU/ARM_GCC_Support/ewl/lib/armv6-m\libc.a(__strtoul.o)
 .debug_loc     0x00003cc5       0xaf D:/Freescale/CW MCU v10.7/MCU/ARM_GCC_Support/ewl/lib/armv6-m\libc.a(strchr.o)
 .debug_loc     0x00003d74       0x59 D:/Freescale/CW MCU v10.7/MCU/ARM_GCC_Support/ewl/lib/armv6-m\libc.a(memcpy.o)
 .debug_loc     0x00003dcd       0x20 D:/Freescale/CW MCU v10.7/MCU/ARM_GCC_Support/ewl/lib/armv6-m\libc.a(strcpy.o)
 .debug_loc     0x00003ded       0x33 D:/Freescale/CW MCU v10.7/MCU/ARM_GCC_Support/ewl/lib/armv6-m\libc.a(strlen.o)
 .debug_loc     0x00003e20       0x77 D:/Freescale/CW MCU v10.7/MCU/ARM_GCC_Support/ewl/lib/armv6-m\libc.a(__memrchr.o)
 .debug_loc     0x00003e97       0x77 D:/Freescale/CW MCU v10.7/MCU/ARM_GCC_Support/ewl/lib/armv6-m\libc.a(memchr.o)
 .debug_loc     0x00003f0e      0x599 D:/Freescale/CW MCU v10.7/MCU/ARM_GCC_Support/ewl/lib/armv6-m\libm.a(ansi_fp.o)
 .debug_loc     0x000044a7      0x2d7 D:/Freescale/CW MCU v10.7/MCU/ARM_GCC_Support/ewl/lib/armv6-m\libm.a(math_api.o)
 .debug_loc     0x0000477e       0xc1 D:/Freescale/CW MCU v10.7/MCU/ARM_GCC_Support/ewl/lib/armv6-m\libm.a(s_frexp.o)
 .debug_loc     0x0000483f       0x9d D:/Freescale/CW MCU v10.7/MCU/ARM_GCC_Support/ewl/lib/armv6-m\librt.a(gcc_ctor_dtor.o)
 .debug_loc     0x000048dc      0x197 D:/Freescale/CW MCU v10.7/MCU/ARM_GCC_Support/ewl/lib/armv6-m\librt.a(__arm_eabi_init.o)
 .debug_loc     0x00004a73       0xd9 D:/Freescale/CW MCU v10.7/MCU/ARM_GCC_Support/ewl/lib/armv6-m\librt.a(ROMCopy.o)

.debug_frame    0x00000000     0x151c
 .debug_frame   0x00000000       0x90 ./Generated_Code/TU1.o
 .debug_frame   0x00000090       0x70 ./Generated_Code/PE_LDD.o
 .debug_frame   0x00000100       0x98 ./Generated_Code/IO1.o
 .debug_frame   0x00000198       0x2c ./Generated_Code/DMA1.o
 .debug_frame   0x000001c4       0x70 ./Generated_Code/CsIO1.o
 .debug_frame   0x00000234       0xf4 ./Generated_Code/Cpu.o
 .debug_frame   0x00000328       0xd0 ./Generated_Code/BitIoLdd8.o
 .debug_frame   0x000003f8       0xb0 ./Generated_Code/BitIoLdd7.o
 .debug_frame   0x000004a8       0xd0 ./Generated_Code/BitIoLdd6.o
 .debug_frame   0x00000578       0xd0 ./Generated_Code/BitIoLdd5.o
 .debug_frame   0x00000648       0xb0 ./Generated_Code/BitIoLdd4.o
 .debug_frame   0x000006f8       0xb0 ./Generated_Code/BitIoLdd3.o
 .debug_frame   0x000007a8       0xb0 ./Generated_Code/BitIoLdd2.o
 .debug_frame   0x00000858       0xb0 ./Generated_Code/BitIoLdd1.o
 .debug_frame   0x00000908       0x2c ./Generated_Code/ADC1.o
 .debug_frame   0x00000934       0x4c ./Project_Settings/Startup_Code/__arm_start.o
 .debug_frame   0x00000980       0x30 ./Project_Settings/Startup_Code/__arm_end.o
 .debug_frame   0x000009b0       0x34 ./Sources/ProcessorExpert.o
 .debug_frame   0x000009e4       0x64 ./Sources/Events.o
 .debug_frame   0x00000a48       0x28 D:/Freescale/CW MCU v10.7/MCU/ARM_GCC_Support/ewl/lib/armv6-m\libc.a(putchar.o)
 .debug_frame   0x00000a70       0x48 D:/Freescale/CW MCU v10.7/MCU/ARM_GCC_Support/ewl/lib/armv6-m\libc.a(ansi_files.o)
 .debug_frame   0x00000ab8       0x28 D:/Freescale/CW MCU v10.7/MCU/ARM_GCC_Support/ewl/lib/armv6-m\libc.a(puts.o)
 .debug_frame   0x00000ae0       0x2c D:/Freescale/CW MCU v10.7/MCU/ARM_GCC_Support/ewl/lib/armv6-m\libc.a(__putchar.o)
 .debug_frame   0x00000b0c       0x58 D:/Freescale/CW MCU v10.7/MCU/ARM_GCC_Support/ewl/lib/armv6-m\libc.a(__buffer_io.o)
 .debug_frame   0x00000b64       0x34 D:/Freescale/CW MCU v10.7/MCU/ARM_GCC_Support/ewl/lib/armv6-m\libc.a(printf.o)
 .debug_frame   0x00000b98       0x2c D:/Freescale/CW MCU v10.7/MCU/ARM_GCC_Support/ewl/lib/armv6-m\libc.a(exit.o)
 .debug_frame   0x00000bc4       0x28 D:/Freescale/CW MCU v10.7/MCU/ARM_GCC_Support/ewl/lib/armv6-m\libc.a(memset.o)
 .debug_frame   0x00000bec       0x2c D:/Freescale/CW MCU v10.7/MCU/ARM_GCC_Support/ewl/lib/armv6-m\libc.a(__filll_mem.o)
 .debug_frame   0x00000c18       0x54 D:/Freescale/CW MCU v10.7/MCU/ARM_GCC_Support/ewl/lib/armv6-m\libc.a(printformat_fp.o)
 .debug_frame   0x00000c6c       0x34 D:/Freescale/CW MCU v10.7/MCU/ARM_GCC_Support/ewl/lib/armv6-m\libc.a(scanformat_.o)
 .debug_frame   0x00000ca0      0x158 D:/Freescale/CW MCU v10.7/MCU/ARM_GCC_Support/ewl/lib/armv6-m\libc.a(ctype_aeabi.o)
 .debug_frame   0x00000df8       0x64 D:/Freescale/CW MCU v10.7/MCU/ARM_GCC_Support/ewl/lib/armv6-m\libc.a(fwrite.o)
 .debug_frame   0x00000e5c       0x30 D:/Freescale/CW MCU v10.7/MCU/ARM_GCC_Support/ewl/lib/armv6-m\libc.a(__strtoul.o)
 .debug_frame   0x00000e8c       0x28 D:/Freescale/CW MCU v10.7/MCU/ARM_GCC_Support/ewl/lib/armv6-m\libc.a(strchr.o)
 .debug_frame   0x00000eb4       0x28 D:/Freescale/CW MCU v10.7/MCU/ARM_GCC_Support/ewl/lib/armv6-m\libc.a(memcpy.o)
 .debug_frame   0x00000edc       0x28 D:/Freescale/CW MCU v10.7/MCU/ARM_GCC_Support/ewl/lib/armv6-m\libc.a(strcpy.o)
 .debug_frame   0x00000f04       0x28 D:/Freescale/CW MCU v10.7/MCU/ARM_GCC_Support/ewl/lib/armv6-m\libc.a(strlen.o)
 .debug_frame   0x00000f2c       0x28 D:/Freescale/CW MCU v10.7/MCU/ARM_GCC_Support/ewl/lib/armv6-m\libc.a(__memrchr.o)
 .debug_frame   0x00000f54       0x28 D:/Freescale/CW MCU v10.7/MCU/ARM_GCC_Support/ewl/lib/armv6-m\libc.a(memchr.o)
 .debug_frame   0x00000f7c       0x6c D:/Freescale/CW MCU v10.7/MCU/ARM_GCC_Support/ewl/lib/armv6-m\libm.a(ansi_fp.o)
 .debug_frame   0x00000fe8       0xe0 D:/Freescale/CW MCU v10.7/MCU/ARM_GCC_Support/ewl/lib/armv6-m\libm.a(math_api.o)
 .debug_frame   0x000010c8       0x2c D:/Freescale/CW MCU v10.7/MCU/ARM_GCC_Support/ewl/lib/armv6-m\libm.a(s_frexp.o)
 .debug_frame   0x000010f4       0x20 d:/freescale/cw mcu v10.7/cross_tools/arm-none-eabi-gcc-4_7_3/bin/../lib/gcc/arm-none-eabi/4.7.3/armv6-m\libgcc.a(_udivsi3.o)
 .debug_frame   0x00001114       0x20 d:/freescale/cw mcu v10.7/cross_tools/arm-none-eabi-gcc-4_7_3/bin/../lib/gcc/arm-none-eabi/4.7.3/armv6-m\libgcc.a(_divsi3.o)
 .debug_frame   0x00001134       0x2c d:/freescale/cw mcu v10.7/cross_tools/arm-none-eabi-gcc-4_7_3/bin/../lib/gcc/arm-none-eabi/4.7.3/armv6-m\libgcc.a(eqsf2.o)
 .debug_frame   0x00001160       0x30 d:/freescale/cw mcu v10.7/cross_tools/arm-none-eabi-gcc-4_7_3/bin/../lib/gcc/arm-none-eabi/4.7.3/armv6-m\libgcc.a(gesf2.o)
 .debug_frame   0x00001190       0x30 d:/freescale/cw mcu v10.7/cross_tools/arm-none-eabi-gcc-4_7_3/bin/../lib/gcc/arm-none-eabi/4.7.3/armv6-m\libgcc.a(lesf2.o)
 .debug_frame   0x000011c0       0x3c d:/freescale/cw mcu v10.7/cross_tools/arm-none-eabi-gcc-4_7_3/bin/../lib/gcc/arm-none-eabi/4.7.3/armv6-m\libgcc.a(divdf3.o)
 .debug_frame   0x000011fc       0x34 d:/freescale/cw mcu v10.7/cross_tools/arm-none-eabi-gcc-4_7_3/bin/../lib/gcc/arm-none-eabi/4.7.3/armv6-m\libgcc.a(eqdf2.o)
 .debug_frame   0x00001230       0x38 d:/freescale/cw mcu v10.7/cross_tools/arm-none-eabi-gcc-4_7_3/bin/../lib/gcc/arm-none-eabi/4.7.3/armv6-m\libgcc.a(gedf2.o)
 .debug_frame   0x00001268       0x38 d:/freescale/cw mcu v10.7/cross_tools/arm-none-eabi-gcc-4_7_3/bin/../lib/gcc/arm-none-eabi/4.7.3/armv6-m\libgcc.a(ledf2.o)
 .debug_frame   0x000012a0       0x3c d:/freescale/cw mcu v10.7/cross_tools/arm-none-eabi-gcc-4_7_3/bin/../lib/gcc/arm-none-eabi/4.7.3/armv6-m\libgcc.a(muldf3.o)
 .debug_frame   0x000012dc       0x38 d:/freescale/cw mcu v10.7/cross_tools/arm-none-eabi-gcc-4_7_3/bin/../lib/gcc/arm-none-eabi/4.7.3/armv6-m\libgcc.a(subdf3.o)
 .debug_frame   0x00001314       0x2c d:/freescale/cw mcu v10.7/cross_tools/arm-none-eabi-gcc-4_7_3/bin/../lib/gcc/arm-none-eabi/4.7.3/armv6-m\libgcc.a(fixdfsi.o)
 .debug_frame   0x00001340       0x30 d:/freescale/cw mcu v10.7/cross_tools/arm-none-eabi-gcc-4_7_3/bin/../lib/gcc/arm-none-eabi/4.7.3/armv6-m\libgcc.a(floatsidf.o)
 .debug_frame   0x00001370       0x2c d:/freescale/cw mcu v10.7/cross_tools/arm-none-eabi-gcc-4_7_3/bin/../lib/gcc/arm-none-eabi/4.7.3/armv6-m\libgcc.a(extendsfdf2.o)
 .debug_frame   0x0000139c       0x30 d:/freescale/cw mcu v10.7/cross_tools/arm-none-eabi-gcc-4_7_3/bin/../lib/gcc/arm-none-eabi/4.7.3/armv6-m\libgcc.a(truncdfsf2.o)
 .debug_frame   0x000013cc       0x40 D:/Freescale/CW MCU v10.7/MCU/ARM_GCC_Support/ewl/lib/armv6-m\librt.a(gcc_ctor_dtor.o)
 .debug_frame   0x0000140c       0xbc D:/Freescale/CW MCU v10.7/MCU/ARM_GCC_Support/ewl/lib/armv6-m\librt.a(__arm_eabi_init.o)
 .debug_frame   0x000014c8       0x54 D:/Freescale/CW MCU v10.7/MCU/ARM_GCC_Support/ewl/lib/armv6-m\librt.a(ROMCopy.o)
